<?xml version="1.0"?>
<link_info>
   <banner>TI ARM Linker PC v5.1.1</banner>
   <copyright>Copyright (c) 1996-2013 Texas Instruments Incorporated</copyright>
   <link_time>0x54068a6f</link_time>
   <link_errors>0x0</link_errors>
   <output_file>TactorSleeveLED.out</output_file>
   <entry_point>
      <name>_c_int00</name>
      <address>0x49f9</address>
   </entry_point>
   <input_file_list>
      <input_file id="fl-2">
         <path>.\</path>
         <kind>object</kind>
         <file>waveform.obj</file>
         <name>waveform.obj</name>
      </input_file>
      <input_file id="fl-3">
         <path>.\</path>
         <kind>object</kind>
         <file>usb_structs.obj</file>
         <name>usb_structs.obj</name>
      </input_file>
      <input_file id="fl-4">
         <path>.\</path>
         <kind>object</kind>
         <file>usb_handlers.obj</file>
         <name>usb_handlers.obj</name>
      </input_file>
      <input_file id="fl-5">
         <path>.\</path>
         <kind>object</kind>
         <file>uartstdio.obj</file>
         <name>uartstdio.obj</name>
      </input_file>
      <input_file id="fl-6">
         <path>.\</path>
         <kind>object</kind>
         <file>str2num.obj</file>
         <name>str2num.obj</name>
      </input_file>
      <input_file id="fl-7">
         <path>.\</path>
         <kind>object</kind>
         <file>main.obj</file>
         <name>main.obj</name>
      </input_file>
      <input_file id="fl-8">
         <path>.\</path>
         <kind>object</kind>
         <file>lm4f120h5qr_startup_ccs.obj</file>
         <name>lm4f120h5qr_startup_ccs.obj</name>
      </input_file>
      <input_file id="fl-9">
         <path>.\</path>
         <kind>object</kind>
         <file>PCA9685.obj</file>
         <name>PCA9685.obj</name>
      </input_file>
      <input_file id="fl-a">
         <path>.\</path>
         <kind>object</kind>
         <file>I2C_Stellaris_API.obj</file>
         <name>I2C_Stellaris_API.obj</name>
      </input_file>
      <input_file id="fl-139">
         <path>C:\ti\ccsv5\tools\compiler\arm_5.1.1\lib\</path>
         <kind>archive</kind>
         <file>rtsv7M4_T_le_v4SPD16_eabi.lib</file>
         <name>boot.obj</name>
      </input_file>
      <input_file id="fl-13a">
         <path>C:\ti\ccsv5\tools\compiler\arm_5.1.1\lib\</path>
         <kind>archive</kind>
         <file>rtsv7M4_T_le_v4SPD16_eabi.lib</file>
         <name>copy_decompress_none.obj</name>
      </input_file>
      <input_file id="fl-13b">
         <path>C:\ti\ccsv5\tools\compiler\arm_5.1.1\lib\</path>
         <kind>archive</kind>
         <file>rtsv7M4_T_le_v4SPD16_eabi.lib</file>
         <name>copy_decompress_rle.obj</name>
      </input_file>
      <input_file id="fl-13c">
         <path>C:\ti\ccsv5\tools\compiler\arm_5.1.1\lib\</path>
         <kind>archive</kind>
         <file>rtsv7M4_T_le_v4SPD16_eabi.lib</file>
         <name>copy_zero_init.obj</name>
      </input_file>
      <input_file id="fl-13d">
         <path>C:\ti\ccsv5\tools\compiler\arm_5.1.1\lib\</path>
         <kind>archive</kind>
         <file>rtsv7M4_T_le_v4SPD16_eabi.lib</file>
         <name>cos.obj</name>
      </input_file>
      <input_file id="fl-13e">
         <path>C:\ti\ccsv5\tools\compiler\arm_5.1.1\lib\</path>
         <kind>archive</kind>
         <file>rtsv7M4_T_le_v4SPD16_eabi.lib</file>
         <name>exit.obj</name>
      </input_file>
      <input_file id="fl-13f">
         <path>C:\ti\ccsv5\tools\compiler\arm_5.1.1\lib\</path>
         <kind>archive</kind>
         <file>rtsv7M4_T_le_v4SPD16_eabi.lib</file>
         <name>fd_add_t2.obj</name>
      </input_file>
      <input_file id="fl-140">
         <path>C:\ti\ccsv5\tools\compiler\arm_5.1.1\lib\</path>
         <kind>archive</kind>
         <file>rtsv7M4_T_le_v4SPD16_eabi.lib</file>
         <name>fd_div_t2.obj</name>
      </input_file>
      <input_file id="fl-141">
         <path>C:\ti\ccsv5\tools\compiler\arm_5.1.1\lib\</path>
         <kind>archive</kind>
         <file>rtsv7M4_T_le_v4SPD16_eabi.lib</file>
         <name>fd_mul_t2.obj</name>
      </input_file>
      <input_file id="fl-142">
         <path>C:\ti\ccsv5\tools\compiler\arm_5.1.1\lib\</path>
         <kind>archive</kind>
         <file>rtsv7M4_T_le_v4SPD16_eabi.lib</file>
         <name>fd_tos_t2.obj</name>
      </input_file>
      <input_file id="fl-143">
         <path>C:\ti\ccsv5\tools\compiler\arm_5.1.1\lib\</path>
         <kind>archive</kind>
         <file>rtsv7M4_T_le_v4SPD16_eabi.lib</file>
         <name>fd_tou_t2.obj</name>
      </input_file>
      <input_file id="fl-144">
         <path>C:\ti\ccsv5\tools\compiler\arm_5.1.1\lib\</path>
         <kind>archive</kind>
         <file>rtsv7M4_T_le_v4SPD16_eabi.lib</file>
         <name>fs_tod_t2.obj</name>
      </input_file>
      <input_file id="fl-145">
         <path>C:\ti\ccsv5\tools\compiler\arm_5.1.1\lib\</path>
         <kind>archive</kind>
         <file>rtsv7M4_T_le_v4SPD16_eabi.lib</file>
         <name>i_tofd_t2.obj</name>
      </input_file>
      <input_file id="fl-146">
         <path>C:\ti\ccsv5\tools\compiler\arm_5.1.1\lib\</path>
         <kind>archive</kind>
         <file>rtsv7M4_T_le_v4SPD16_eabi.lib</file>
         <name>memcpy_t2.obj</name>
      </input_file>
      <input_file id="fl-147">
         <path>C:\ti\ccsv5\tools\compiler\arm_5.1.1\lib\</path>
         <kind>archive</kind>
         <file>rtsv7M4_T_le_v4SPD16_eabi.lib</file>
         <name>memory.obj</name>
      </input_file>
      <input_file id="fl-148">
         <path>C:\ti\ccsv5\tools\compiler\arm_5.1.1\lib\</path>
         <kind>archive</kind>
         <file>rtsv7M4_T_le_v4SPD16_eabi.lib</file>
         <name>sin.obj</name>
      </input_file>
      <input_file id="fl-149">
         <path>C:\ti\ccsv5\tools\compiler\arm_5.1.1\lib\</path>
         <kind>archive</kind>
         <file>rtsv7M4_T_le_v4SPD16_eabi.lib</file>
         <name>stkdepth_vars.obj</name>
      </input_file>
      <input_file id="fl-14a">
         <path>C:\ti\ccsv5\tools\compiler\arm_5.1.1\lib\</path>
         <kind>archive</kind>
         <file>rtsv7M4_T_le_v4SPD16_eabi.lib</file>
         <name>strcpy.obj</name>
      </input_file>
      <input_file id="fl-14b">
         <path>C:\ti\ccsv5\tools\compiler\arm_5.1.1\lib\</path>
         <kind>archive</kind>
         <file>rtsv7M4_T_le_v4SPD16_eabi.lib</file>
         <name>strlen.obj</name>
      </input_file>
      <input_file id="fl-14c">
         <path>C:\ti\ccsv5\tools\compiler\arm_5.1.1\lib\</path>
         <kind>archive</kind>
         <file>rtsv7M4_T_le_v4SPD16_eabi.lib</file>
         <name>u_divt2.obj</name>
      </input_file>
      <input_file id="fl-14d">
         <path>C:\ti\ccsv5\tools\compiler\arm_5.1.1\lib\</path>
         <kind>archive</kind>
         <file>rtsv7M4_T_le_v4SPD16_eabi.lib</file>
         <name>u_tofd_t2.obj</name>
      </input_file>
      <input_file id="fl-14e">
         <path>C:\ti\ccsv5\tools\compiler\arm_5.1.1\lib\</path>
         <kind>archive</kind>
         <file>rtsv7M4_T_le_v4SPD16_eabi.lib</file>
         <name>xsin.obj</name>
      </input_file>
      <input_file id="fl-14f">
         <path>C:\ti\ccsv5\tools\compiler\arm_5.1.1\lib\</path>
         <kind>archive</kind>
         <file>rtsv7M4_T_le_v4SPD16_eabi.lib</file>
         <name>xvalues.obj</name>
      </input_file>
      <input_file id="fl-150">
         <path>C:\ti\ccsv5\tools\compiler\arm_5.1.1\lib\</path>
         <kind>archive</kind>
         <file>rtsv7M4_T_le_v4SPD16_eabi.lib</file>
         <name>_lock.obj</name>
      </input_file>
      <input_file id="fl-151">
         <path>C:\ti\ccsv5\tools\compiler\arm_5.1.1\lib\</path>
         <kind>archive</kind>
         <file>rtsv7M4_T_le_v4SPD16_eabi.lib</file>
         <name>args_main.obj</name>
      </input_file>
      <input_file id="fl-152">
         <path>C:\ti\ccsv5\tools\compiler\arm_5.1.1\lib\</path>
         <kind>archive</kind>
         <file>rtsv7M4_T_le_v4SPD16_eabi.lib</file>
         <name>auto_init.obj</name>
      </input_file>
      <input_file id="fl-153">
         <path>C:\ti\ccsv5\tools\compiler\arm_5.1.1\lib\</path>
         <kind>archive</kind>
         <file>rtsv7M4_T_le_v4SPD16_eabi.lib</file>
         <name>cpy_tbl.obj</name>
      </input_file>
      <input_file id="fl-154">
         <path>C:\ti\ccsv5\tools\compiler\arm_5.1.1\lib\</path>
         <kind>archive</kind>
         <file>rtsv7M4_T_le_v4SPD16_eabi.lib</file>
         <name>fd_cmp_t2.obj</name>
      </input_file>
      <input_file id="fl-155">
         <path>C:\ti\ccsv5\tools\compiler\arm_5.1.1\lib\</path>
         <kind>archive</kind>
         <file>rtsv7M4_T_le_v4SPD16_eabi.lib</file>
         <name>fd_toi_t2.obj</name>
      </input_file>
      <input_file id="fl-156">
         <path>C:\ti\ccsv5\tools\compiler\arm_5.1.1\lib\</path>
         <kind>archive</kind>
         <file>rtsv7M4_T_le_v4SPD16_eabi.lib</file>
         <name>fmod.obj</name>
      </input_file>
      <input_file id="fl-157">
         <path>C:\ti\ccsv5\tools\compiler\arm_5.1.1\lib\</path>
         <kind>archive</kind>
         <file>rtsv7M4_T_le_v4SPD16_eabi.lib</file>
         <name>xdnorm.obj</name>
      </input_file>
      <input_file id="fl-158">
         <path>C:\ti\ccsv5\tools\compiler\arm_5.1.1\lib\</path>
         <kind>archive</kind>
         <file>rtsv7M4_T_le_v4SPD16_eabi.lib</file>
         <name>xdscale.obj</name>
      </input_file>
      <input_file id="fl-159">
         <path>C:\ti\ccsv5\tools\compiler\arm_5.1.1\lib\</path>
         <kind>archive</kind>
         <file>rtsv7M4_T_le_v4SPD16_eabi.lib</file>
         <name>xdtest.obj</name>
      </input_file>
      <input_file id="fl-15a">
         <path>C:\ti\ccsv5\tools\compiler\arm_5.1.1\lib\</path>
         <kind>archive</kind>
         <file>rtsv7M4_T_le_v4SPD16_eabi.lib</file>
         <name>xferaise.obj</name>
      </input_file>
      <input_file id="fl-15b">
         <path>C:\ti\ccsv5\tools\compiler\arm_5.1.1\lib\</path>
         <kind>archive</kind>
         <file>rtsv7M4_T_le_v4SPD16_eabi.lib</file>
         <name>errno.obj</name>
      </input_file>
      <input_file id="fl-15c">
         <path>C:\ti\ccsv5\tools\compiler\arm_5.1.1\lib\</path>
         <kind>archive</kind>
         <file>rtsv7M4_T_le_v4SPD16_eabi.lib</file>
         <name>feraiseexcept.obj</name>
      </input_file>
      <input_file id="fl-15d">
         <path>C:\ti\ccsv5\tools\compiler\arm_5.1.1\lib\</path>
         <kind>archive</kind>
         <file>rtsv7M4_T_le_v4SPD16_eabi.lib</file>
         <name>raise.obj</name>
      </input_file>
      <input_file id="fl-15e">
         <path>C:\ti\ccsv5\tools\compiler\arm_5.1.1\lib\</path>
         <kind>archive</kind>
         <file>rtsv7M4_T_le_v4SPD16_eabi.lib</file>
         <name>signal.obj</name>
      </input_file>
      <input_file id="fl-15f">
         <path>C:\StellarisWare\driverlib\ccs-cm4f\Debug\</path>
         <kind>archive</kind>
         <file>driverlib-cm4f.lib</file>
         <name>timer.obj</name>
      </input_file>
      <input_file id="fl-160">
         <path>C:\StellarisWare\driverlib\ccs-cm4f\Debug\</path>
         <kind>archive</kind>
         <file>driverlib-cm4f.lib</file>
         <name>sysctl.obj</name>
      </input_file>
      <input_file id="fl-161">
         <path>C:\StellarisWare\driverlib\ccs-cm4f\Debug\</path>
         <kind>archive</kind>
         <file>driverlib-cm4f.lib</file>
         <name>interrupt.obj</name>
      </input_file>
      <input_file id="fl-162">
         <path>C:\StellarisWare\driverlib\ccs-cm4f\Debug\</path>
         <kind>archive</kind>
         <file>driverlib-cm4f.lib</file>
         <name>i2c.obj</name>
      </input_file>
      <input_file id="fl-163">
         <path>C:\StellarisWare\driverlib\ccs-cm4f\Debug\</path>
         <kind>archive</kind>
         <file>driverlib-cm4f.lib</file>
         <name>gpio.obj</name>
      </input_file>
      <input_file id="fl-164">
         <path>C:\StellarisWare\driverlib\ccs-cm4f\Debug\</path>
         <kind>archive</kind>
         <file>driverlib-cm4f.lib</file>
         <name>flash.obj</name>
      </input_file>
      <input_file id="fl-165">
         <path>C:\StellarisWare\driverlib\ccs-cm4f\Debug\</path>
         <kind>archive</kind>
         <file>driverlib-cm4f.lib</file>
         <name>cpu.obj</name>
      </input_file>
      <input_file id="fl-166">
         <path>C:\StellarisWare\usblib\ccs-cm4f\Debug\</path>
         <kind>archive</kind>
         <file>usblib-cm4f.lib</file>
         <name>usbdhandler.obj</name>
      </input_file>
      <input_file id="fl-167">
         <path>C:\StellarisWare\usblib\ccs-cm4f\Debug\</path>
         <kind>archive</kind>
         <file>usblib-cm4f.lib</file>
         <name>usbdenum.obj</name>
      </input_file>
      <input_file id="fl-168">
         <path>C:\StellarisWare\usblib\ccs-cm4f\Debug\</path>
         <kind>archive</kind>
         <file>usblib-cm4f.lib</file>
         <name>usbdconfig.obj</name>
      </input_file>
      <input_file id="fl-169">
         <path>C:\StellarisWare\usblib\ccs-cm4f\Debug\</path>
         <kind>archive</kind>
         <file>usblib-cm4f.lib</file>
         <name>usbdcdesc.obj</name>
      </input_file>
      <input_file id="fl-16a">
         <path>C:\StellarisWare\usblib\ccs-cm4f\Debug\</path>
         <kind>archive</kind>
         <file>usblib-cm4f.lib</file>
         <name>usbdcdc.obj</name>
      </input_file>
      <input_file id="fl-16b">
         <path>C:\StellarisWare\usblib\ccs-cm4f\Debug\</path>
         <kind>archive</kind>
         <file>usblib-cm4f.lib</file>
         <name>usbtick.obj</name>
      </input_file>
      <input_file id="fl-16c">
         <path>C:\StellarisWare\usblib\ccs-cm4f\Debug\</path>
         <kind>archive</kind>
         <file>usblib-cm4f.lib</file>
         <name>usbmode.obj</name>
      </input_file>
      <input_file id="fl-16d">
         <path>C:\StellarisWare\usblib\ccs-cm4f\Debug\</path>
         <kind>archive</kind>
         <file>usblib-cm4f.lib</file>
         <name>usbdesc.obj</name>
      </input_file>
      <input_file id="fl-16e">
         <path>C:\StellarisWare\usblib\ccs-cm4f\Debug\</path>
         <kind>archive</kind>
         <file>usblib-cm4f.lib</file>
         <name>usbbuffer.obj</name>
      </input_file>
      <input_file id="fl-16f">
         <path>C:\StellarisWare\usblib\ccs-cm4f\Debug\</path>
         <kind>archive</kind>
         <file>usblib-cm4f.lib</file>
         <name>usbhostenum.obj</name>
      </input_file>
      <input_file id="fl-170">
         <path>C:\StellarisWare\usblib\ccs-cm4f\Debug\</path>
         <kind>archive</kind>
         <file>usblib-cm4f.lib</file>
         <name>usbhhub.obj</name>
      </input_file>
      <input_file id="fl-171">
         <path>C:\StellarisWare\usblib\ccs-cm4f\Debug\</path>
         <kind>archive</kind>
         <file>usblib-cm4f.lib</file>
         <name>usbringbuf.obj</name>
      </input_file>
      <input_file id="fl-172">
         <path>C:\StellarisWare\driverlib\ccs-cm4f\Debug\</path>
         <kind>archive</kind>
         <file>driverlib-cm4f.lib</file>
         <name>usb.obj</name>
      </input_file>
      <input_file id="fl-173">
         <path>C:\StellarisWare\driverlib\ccs-cm4f\Debug\</path>
         <kind>archive</kind>
         <file>driverlib-cm4f.lib</file>
         <name>udma.obj</name>
      </input_file>
   </input_file_list>
   <object_component_list>
      <object_component id="oc-e">
         <name>.intvecs</name>
         <load_address>0x0</load_address>
         <run_address>0x0</run_address>
         <size>0x26c</size>
         <input_file_ref idref="fl-8"/>
      </object_component>
      <object_component id="oc-2b">
         <name>.text</name>
         <load_address>0x26c</load_address>
         <run_address>0x26c</run_address>
         <size>0x78c</size>
         <input_file_ref idref="fl-7"/>
      </object_component>
      <object_component id="oc-80">
         <name>.text</name>
         <load_address>0x9f8</load_address>
         <run_address>0x9f8</run_address>
         <size>0x6c0</size>
         <input_file_ref idref="fl-a"/>
      </object_component>
      <object_component id="oc-7b">
         <name>.text</name>
         <load_address>0x10b8</load_address>
         <run_address>0x10b8</run_address>
         <size>0x4f0</size>
         <input_file_ref idref="fl-5"/>
      </object_component>
      <object_component id="oc-8a">
         <name>.text</name>
         <load_address>0x15a8</load_address>
         <run_address>0x15a8</run_address>
         <size>0x4ec</size>
         <input_file_ref idref="fl-2"/>
      </object_component>
      <object_component id="oc-fe">
         <name>.text</name>
         <load_address>0x1a94</load_address>
         <run_address>0x1a94</run_address>
         <size>0x3cc</size>
         <input_file_ref idref="fl-147"/>
      </object_component>
      <object_component id="oc-6a">
         <name>.text</name>
         <load_address>0x1e60</load_address>
         <run_address>0x1e60</run_address>
         <size>0x300</size>
         <input_file_ref idref="fl-4"/>
      </object_component>
      <object_component id="oc-2cd">
         <name>.text</name>
         <load_address>0x2160</load_address>
         <run_address>0x2160</run_address>
         <size>0x2a8</size>
         <input_file_ref idref="fl-14e"/>
      </object_component>
      <object_component id="oc-a3">
         <name>.text</name>
         <load_address>0x2408</load_address>
         <run_address>0x2408</run_address>
         <size>0x280</size>
         <input_file_ref idref="fl-6"/>
      </object_component>
      <object_component id="oc-143">
         <name>.text:SysCtlClockGet</name>
         <load_address>0x2688</load_address>
         <run_address>0x2688</run_address>
         <size>0x1d8</size>
         <input_file_ref idref="fl-160"/>
      </object_component>
      <object_component id="oc-172">
         <name>.text</name>
         <load_address>0x2860</load_address>
         <run_address>0x2860</run_address>
         <size>0x1b6</size>
         <input_file_ref idref="fl-13f"/>
      </object_component>
      <object_component id="oc-85">
         <name>.text</name>
         <load_address>0x2a18</load_address>
         <run_address>0x2a18</run_address>
         <size>0x1a4</size>
         <input_file_ref idref="fl-9"/>
      </object_component>
      <object_component id="oc-51e">
         <name>.text:USBDeviceConfig</name>
         <load_address>0x2bbc</load_address>
         <run_address>0x2bbc</run_address>
         <size>0x188</size>
         <input_file_ref idref="fl-168"/>
      </object_component>
      <object_component id="oc-3ff">
         <name>.text</name>
         <load_address>0x2d44</load_address>
         <run_address>0x2d44</run_address>
         <size>0x16c</size>
         <input_file_ref idref="fl-156"/>
      </object_component>
      <object_component id="oc-360">
         <name>.text:USBDEP0StateTxConfig</name>
         <load_address>0x2eb0</load_address>
         <run_address>0x2eb0</run_address>
         <size>0x160</size>
         <input_file_ref idref="fl-167"/>
      </object_component>
      <object_component id="oc-15d">
         <name>.text</name>
         <load_address>0x3010</load_address>
         <run_address>0x3010</run_address>
         <size>0x136</size>
         <input_file_ref idref="fl-140"/>
      </object_component>
      <object_component id="oc-49f">
         <name>.text</name>
         <load_address>0x3148</load_address>
         <run_address>0x3148</run_address>
         <size>0x110</size>
         <input_file_ref idref="fl-158"/>
      </object_component>
      <object_component id="oc-161">
         <name>.text</name>
         <load_address>0x3258</load_address>
         <run_address>0x3258</run_address>
         <size>0xfc</size>
         <input_file_ref idref="fl-141"/>
      </object_component>
      <object_component id="oc-128">
         <name>.text:USBDCDInit</name>
         <load_address>0x3354</load_address>
         <run_address>0x3354</run_address>
         <size>0xf4</size>
         <input_file_ref idref="fl-167"/>
      </object_component>
      <object_component id="oc-1f4">
         <name>.text:USBDeviceEnumHandler</name>
         <load_address>0x3448</load_address>
         <run_address>0x3448</run_address>
         <size>0xd4</size>
         <input_file_ref idref="fl-167"/>
      </object_component>
      <object_component id="oc-4cc">
         <name>.text:USBDGetDescriptor</name>
         <load_address>0x351c</load_address>
         <run_address>0x351c</run_address>
         <size>0xd0</size>
         <input_file_ref idref="fl-167"/>
      </object_component>
      <object_component id="oc-2b5">
         <name>.text:GPIOPadConfigSet</name>
         <load_address>0x35ec</load_address>
         <run_address>0x35ec</run_address>
         <size>0xc8</size>
         <input_file_ref idref="fl-163"/>
      </object_component>
      <object_component id="oc-49a">
         <name>.text</name>
         <load_address>0x36b4</load_address>
         <run_address>0x36b4</run_address>
         <size>0xc4</size>
         <input_file_ref idref="fl-157"/>
      </object_component>
      <object_component id="oc-39b">
         <name>.text:HandleRequests</name>
         <load_address>0x3778</load_address>
         <run_address>0x3778</run_address>
         <size>0xc0</size>
         <input_file_ref idref="fl-16a"/>
      </object_component>
      <object_component id="oc-52c">
         <name>.text:USBDeviceConfigAlternate</name>
         <load_address>0x3838</load_address>
         <run_address>0x3838</run_address>
         <size>0xbc</size>
         <input_file_ref idref="fl-168"/>
      </object_component>
      <object_component id="oc-32e">
         <name>.text:HandleRxAvailable</name>
         <load_address>0x38f4</load_address>
         <run_address>0x38f4</run_address>
         <size>0xb4</size>
         <input_file_ref idref="fl-16e"/>
      </object_component>
      <object_component id="oc-b7">
         <name>.text:USBDeviceIntHandlerInternal</name>
         <load_address>0x39a8</load_address>
         <run_address>0x39a8</run_address>
         <size>0xa4</size>
         <input_file_ref idref="fl-167"/>
      </object_component>
      <object_component id="oc-19a">
         <name>.text:ScheduleNextTransmission</name>
         <load_address>0x3a4c</load_address>
         <run_address>0x3a4c</run_address>
         <size>0xa2</size>
         <input_file_ref idref="fl-16e"/>
      </object_component>
      <object_component id="oc-48">
         <name>.text</name>
         <load_address>0x3aee</load_address>
         <run_address>0x3aee</run_address>
         <size>0x9c</size>
         <input_file_ref idref="fl-146"/>
      </object_component>
      <object_component id="oc-155">
         <name>.text:FlashProgram</name>
         <load_address>0x3b8c</load_address>
         <run_address>0x3b8c</run_address>
         <size>0x98</size>
         <input_file_ref idref="fl-164"/>
      </object_component>
      <object_component id="oc-271">
         <name>.text:SysCtlPeripheralReset</name>
         <load_address>0x3c24</load_address>
         <run_address>0x3c24</run_address>
         <size>0x94</size>
         <input_file_ref idref="fl-160"/>
      </object_component>
      <object_component id="oc-124">
         <name>.text:USBDCDCCompositeInit</name>
         <load_address>0x3cb8</load_address>
         <run_address>0x3cb8</run_address>
         <size>0x94</size>
         <input_file_ref idref="fl-16a"/>
      </object_component>
      <object_component id="oc-37">
         <name>.text</name>
         <load_address>0x3d4c</load_address>
         <run_address>0x3d4c</run_address>
         <size>0x94</size>
         <input_file_ref idref="fl-152"/>
      </object_component>
      <object_component id="oc-1ad">
         <name>.text:USBDCDCPacketRead</name>
         <load_address>0x3de0</load_address>
         <run_address>0x3de0</run_address>
         <size>0x8e</size>
         <input_file_ref idref="fl-16a"/>
      </object_component>
      <object_component id="oc-4f3">
         <name>.text:SendSerialState</name>
         <load_address>0x3e6e</load_address>
         <run_address>0x3e6e</run_address>
         <size>0x8c</size>
         <input_file_ref idref="fl-16a"/>
      </object_component>
      <object_component id="oc-26c">
         <name>.text:CDCTickHandler</name>
         <load_address>0x3efa</load_address>
         <run_address>0x3efa</run_address>
         <size>0x88</size>
         <input_file_ref idref="fl-16a"/>
      </object_component>
      <object_component id="oc-4c0">
         <name>.text:USBDClearFeature</name>
         <load_address>0x3f84</load_address>
         <run_address>0x3f84</run_address>
         <size>0x84</size>
         <input_file_ref idref="fl-167"/>
      </object_component>
      <object_component id="oc-4d8">
         <name>.text:USBDSetConfiguration</name>
         <load_address>0x4008</load_address>
         <run_address>0x4008</run_address>
         <size>0x84</size>
         <input_file_ref idref="fl-167"/>
      </object_component>
      <object_component id="oc-4e0">
         <name>.text:USBDSetInterface</name>
         <load_address>0x408c</load_address>
         <run_address>0x408c</run_address>
         <size>0x84</size>
         <input_file_ref idref="fl-167"/>
      </object_component>
      <object_component id="oc-3fb">
         <name>.text:__aeabi_cdcmple</name>
         <load_address>0x4110</load_address>
         <run_address>0x4110</run_address>
         <size>0x7e</size>
         <input_file_ref idref="fl-154"/>
      </object_component>
      <object_component id="oc-13f">
         <name>.text:GPIOPinTypeI2CSCL</name>
         <load_address>0x4190</load_address>
         <run_address>0x4190</run_address>
         <size>0x78</size>
         <input_file_ref idref="fl-163"/>
      </object_component>
      <object_component id="oc-4bc">
         <name>.text:USBDGetStatus</name>
         <load_address>0x4208</load_address>
         <run_address>0x4208</run_address>
         <size>0x78</size>
         <input_file_ref idref="fl-167"/>
      </object_component>
      <object_component id="oc-556">
         <name>.text:USBDevEndpointConfigSet</name>
         <load_address>0x4280</load_address>
         <run_address>0x4280</run_address>
         <size>0x76</size>
         <input_file_ref idref="fl-172"/>
      </object_component>
      <object_component id="oc-3b7">
         <name>.text:HandleDevice</name>
         <load_address>0x42f6</load_address>
         <run_address>0x42f6</run_address>
         <size>0x74</size>
         <input_file_ref idref="fl-16a"/>
      </object_component>
      <object_component id="oc-477">
         <name>.text:ProcessDataFromHost</name>
         <load_address>0x436a</load_address>
         <run_address>0x436a</run_address>
         <size>0x6c</size>
         <input_file_ref idref="fl-16a"/>
      </object_component>
      <object_component id="oc-4c4">
         <name>.text:USBDSetFeature</name>
         <load_address>0x43d8</load_address>
         <run_address>0x43d8</run_address>
         <size>0x6c</size>
         <input_file_ref idref="fl-167"/>
      </object_component>
      <object_component id="oc-364">
         <name>.text:USBDEP0StateTx</name>
         <load_address>0x4444</load_address>
         <run_address>0x4444</run_address>
         <size>0x68</size>
         <input_file_ref idref="fl-167"/>
      </object_component>
      <object_component id="oc-292">
         <name>.text:IntEnable</name>
         <load_address>0x44ac</load_address>
         <run_address>0x44ac</run_address>
         <size>0x64</size>
         <input_file_ref idref="fl-161"/>
      </object_component>
      <object_component id="oc-1ba">
         <name>.text:USBBufferEventCallback</name>
         <load_address>0x4510</load_address>
         <run_address>0x4510</run_address>
         <size>0x60</size>
         <input_file_ref idref="fl-16e"/>
      </object_component>
      <object_component id="oc-316">
         <name>.text:USBDevEndpointStatusClear</name>
         <load_address>0x4570</load_address>
         <run_address>0x4570</run_address>
         <size>0x5e</size>
         <input_file_ref idref="fl-172"/>
      </object_component>
      <object_component id="oc-5a">
         <name>.text</name>
         <load_address>0x45ce</load_address>
         <run_address>0x45ce</run_address>
         <size>0x5e</size>
         <input_file_ref idref="fl-13b"/>
      </object_component>
      <object_component id="oc-275">
         <name>.text:SysCtlPeripheralEnable</name>
         <load_address>0x462c</load_address>
         <run_address>0x462c</run_address>
         <size>0x58</size>
         <input_file_ref idref="fl-160"/>
      </object_component>
      <object_component id="oc-35c">
         <name>.text:USBDReadAndDispatchRequest</name>
         <load_address>0x4684</load_address>
         <run_address>0x4684</run_address>
         <size>0x58</size>
         <input_file_ref idref="fl-167"/>
      </object_component>
      <object_component id="oc-517">
         <name>.text:USBDStringIndexFromRequest</name>
         <load_address>0x46dc</load_address>
         <run_address>0x46dc</run_address>
         <size>0x58</size>
         <input_file_ref idref="fl-167"/>
      </object_component>
      <object_component id="oc-47b">
         <name>.text:ProcessDataToHost</name>
         <load_address>0x4734</load_address>
         <run_address>0x4734</run_address>
         <size>0x56</size>
         <input_file_ref idref="fl-16a"/>
      </object_component>
      <object_component id="oc-552">
         <name>.text:GetEPDescriptorType</name>
         <load_address>0x478a</load_address>
         <run_address>0x478a</run_address>
         <size>0x54</size>
         <input_file_ref idref="fl-168"/>
      </object_component>
      <object_component id="oc-54a">
         <name>.text:USBDCDConfigDescGet</name>
         <load_address>0x47de</load_address>
         <run_address>0x47de</run_address>
         <size>0x50</size>
         <input_file_ref idref="fl-169"/>
      </object_component>
      <object_component id="oc-510">
         <name>.text:USBDevEndpointStallClear</name>
         <load_address>0x482e</load_address>
         <run_address>0x482e</run_address>
         <size>0x50</size>
         <input_file_ref idref="fl-172"/>
      </object_component>
      <object_component id="oc-569">
         <name>.text:ConfigAlternateInterfaceGet</name>
         <load_address>0x487e</load_address>
         <run_address>0x487e</run_address>
         <size>0x4e</size>
         <input_file_ref idref="fl-169"/>
      </object_component>
      <object_component id="oc-19f">
         <name>.text:USBDCDCPacketWrite</name>
         <load_address>0x48cc</load_address>
         <run_address>0x48cc</run_address>
         <size>0x4e</size>
         <input_file_ref idref="fl-16a"/>
      </object_component>
      <object_component id="oc-3b3">
         <name>.text:HandleEndpoints</name>
         <load_address>0x491a</load_address>
         <run_address>0x491a</run_address>
         <size>0x4a</size>
         <input_file_ref idref="fl-16a"/>
      </object_component>
      <object_component id="oc-165">
         <name>.text</name>
         <load_address>0x4964</load_address>
         <run_address>0x4964</run_address>
         <size>0x4a</size>
         <input_file_ref idref="fl-142"/>
      </object_component>
      <object_component id="oc-1e8">
         <name>.text:USBDeviceResumeTickHandler</name>
         <load_address>0x49b0</load_address>
         <run_address>0x49b0</run_address>
         <size>0x48</size>
         <input_file_ref idref="fl-167"/>
      </object_component>
      <object_component id="oc-10">
         <name>.text</name>
         <load_address>0x49f8</load_address>
         <run_address>0x49f8</run_address>
         <size>0x48</size>
         <input_file_ref idref="fl-139"/>
      </object_component>
      <object_component id="oc-404">
         <name>.text</name>
         <load_address>0x4a40</load_address>
         <run_address>0x4a40</run_address>
         <size>0x48</size>
         <input_file_ref idref="fl-155"/>
      </object_component>
      <object_component id="oc-55e">
         <name>.text:USBFIFOConfigSet</name>
         <load_address>0x4a88</load_address>
         <run_address>0x4a88</run_address>
         <size>0x46</size>
         <input_file_ref idref="fl-172"/>
      </object_component>
      <object_component id="oc-4dc">
         <name>.text:USBDGetInterface</name>
         <load_address>0x4ad0</load_address>
         <run_address>0x4ad0</run_address>
         <size>0x44</size>
         <input_file_ref idref="fl-167"/>
      </object_component>
      <object_component id="oc-312">
         <name>.text:USBEndpointDataGet</name>
         <load_address>0x4b14</load_address>
         <run_address>0x4b14</run_address>
         <size>0x44</size>
         <input_file_ref idref="fl-172"/>
      </object_component>
      <object_component id="oc-c3">
         <name>.text</name>
         <load_address>0x4b58</load_address>
         <run_address>0x4b58</run_address>
         <size>0x44</size>
         <input_file_ref idref="fl-153"/>
      </object_component>
      <object_component id="oc-40">
         <name>.text</name>
         <load_address>0x4b9c</load_address>
         <run_address>0x4b9c</run_address>
         <size>0x44</size>
         <input_file_ref idref="fl-13e"/>
      </object_component>
      <object_component id="oc-181">
         <name>.text</name>
         <load_address>0x4be0</load_address>
         <run_address>0x4be0</run_address>
         <size>0x44</size>
         <input_file_ref idref="fl-143"/>
      </object_component>
      <object_component id="oc-3f1">
         <name>.text</name>
         <load_address>0x4c24</load_address>
         <run_address>0x4c24</run_address>
         <size>0x44</size>
         <input_file_ref idref="fl-159"/>
      </object_component>
      <object_component id="oc-134">
         <name>.text</name>
         <load_address>0x4c68</load_address>
         <run_address>0x4c68</run_address>
         <size>0x42</size>
         <input_file_ref idref="fl-14c"/>
      </object_component>
      <object_component id="oc-3a3">
         <name>.text:HandleEP0Data</name>
         <load_address>0x4caa</load_address>
         <run_address>0x4caa</run_address>
         <size>0x40</size>
         <input_file_ref idref="fl-16a"/>
      </object_component>
      <object_component id="oc-535">
         <name>.text</name>
         <load_address>0x4cec</load_address>
         <run_address>0x4cec</run_address>
         <size>0x40</size>
         <input_file_ref idref="fl-15e"/>
      </object_component>
      <object_component id="oc-55a">
         <name>.text:GetEndpointFIFOSize</name>
         <load_address>0x4d2c</load_address>
         <run_address>0x4d2c</run_address>
         <size>0x3e</size>
         <input_file_ref idref="fl-168"/>
      </object_component>
      <object_component id="oc-54e">
         <name>.text:USBDCDConfigGetInterfaceEndpoint</name>
         <load_address>0x4d6a</load_address>
         <run_address>0x4d6a</run_address>
         <size>0x3a</size>
         <input_file_ref idref="fl-169"/>
      </object_component>
      <object_component id="oc-3bf">
         <name>.text:SendBreak</name>
         <load_address>0x4da4</load_address>
         <run_address>0x4da4</run_address>
         <size>0x38</size>
         <input_file_ref idref="fl-16a"/>
      </object_component>
      <object_component id="oc-4d4">
         <name>.text:USBDGetConfiguration</name>
         <load_address>0x4ddc</load_address>
         <run_address>0x4ddc</run_address>
         <size>0x38</size>
         <input_file_ref idref="fl-167"/>
      </object_component>
      <object_component id="oc-b3">
         <name>.text:USBIntStatusControl</name>
         <load_address>0x4e14</load_address>
         <run_address>0x4e14</run_address>
         <size>0x38</size>
         <input_file_ref idref="fl-172"/>
      </object_component>
      <object_component id="oc-169">
         <name>.text</name>
         <load_address>0x4e4c</load_address>
         <run_address>0x4e4c</run_address>
         <size>0x38</size>
         <input_file_ref idref="fl-144"/>
      </object_component>
      <object_component id="oc-581">
         <name>.text:NextConfigDescGet</name>
         <load_address>0x4e84</load_address>
         <run_address>0x4e84</run_address>
         <size>0x36</size>
         <input_file_ref idref="fl-169"/>
      </object_component>
      <object_component id="oc-4b5">
         <name>.text:USBDevEndpointStall</name>
         <load_address>0x4eba</load_address>
         <run_address>0x4eba</run_address>
         <size>0x36</size>
         <input_file_ref idref="fl-172"/>
      </object_component>
      <object_component id="oc-42a">
         <name>.text:USBRingBufAdvanceWrite</name>
         <load_address>0x4ef0</load_address>
         <run_address>0x4ef0</run_address>
         <size>0x36</size>
         <input_file_ref idref="fl-171"/>
      </object_component>
      <object_component id="oc-151">
         <name>.text:FlashErase</name>
         <load_address>0x4f28</load_address>
         <run_address>0x4f28</run_address>
         <size>0x34</size>
         <input_file_ref idref="fl-164"/>
      </object_component>
      <object_component id="oc-1ec">
         <name>.text:InternalUSBStartOfFrameTick</name>
         <load_address>0x4f5c</load_address>
         <run_address>0x4f5c</run_address>
         <size>0x34</size>
         <input_file_ref idref="fl-16b"/>
      </object_component>
      <object_component id="oc-491">
         <name>.text</name>
         <load_address>0x4f90</load_address>
         <run_address>0x4f90</run_address>
         <size>0x34</size>
         <input_file_ref idref="fl-15c"/>
      </object_component>
      <object_component id="oc-1e4">
         <name>.text:USBDeviceEnumResetHandler</name>
         <load_address>0x4fc4</load_address>
         <run_address>0x4fc4</run_address>
         <size>0x32</size>
         <input_file_ref idref="fl-167"/>
      </object_component>
      <object_component id="oc-260">
         <name>.text:InternalUSBTickInit</name>
         <load_address>0x4ff8</load_address>
         <run_address>0x4ff8</run_address>
         <size>0x30</size>
         <input_file_ref idref="fl-16b"/>
      </object_component>
      <object_component id="oc-473">
         <name>.text:ProcessNotificationToHost</name>
         <load_address>0x5028</load_address>
         <run_address>0x5028</run_address>
         <size>0x30</size>
         <input_file_ref idref="fl-16a"/>
      </object_component>
      <object_component id="oc-77">
         <name>.text:USBDCDCInit</name>
         <load_address>0x5058</load_address>
         <run_address>0x5058</run_address>
         <size>0x30</size>
         <input_file_ref idref="fl-16a"/>
      </object_component>
      <object_component id="oc-2f8">
         <name>.text:USBEndpointDataPut</name>
         <load_address>0x5088</load_address>
         <run_address>0x5088</run_address>
         <size>0x30</size>
         <input_file_ref idref="fl-172"/>
      </object_component>
      <object_component id="oc-3f6">
         <name>.text</name>
         <load_address>0x50b8</load_address>
         <run_address>0x50b8</run_address>
         <size>0x30</size>
         <input_file_ref idref="fl-15a"/>
      </object_component>
      <object_component id="oc-2b1">
         <name>.text:GPIODirModeSet</name>
         <load_address>0x50e8</load_address>
         <run_address>0x50e8</run_address>
         <size>0x2e</size>
         <input_file_ref idref="fl-163"/>
      </object_component>
      <object_component id="oc-1b1">
         <name>.text:USBDCDCRxPacketAvailable</name>
         <load_address>0x5116</load_address>
         <run_address>0x5116</run_address>
         <size>0x2e</size>
         <input_file_ref idref="fl-16a"/>
      </object_component>
      <object_component id="oc-2fc">
         <name>.text:USBEndpointDataSend</name>
         <load_address>0x5144</load_address>
         <run_address>0x5144</run_address>
         <size>0x2e</size>
         <input_file_ref idref="fl-172"/>
      </object_component>
      <object_component id="oc-1c4">
         <name>.text</name>
         <load_address>0x5172</load_address>
         <run_address>0x5172</run_address>
         <size>0x2e</size>
         <input_file_ref idref="fl-145"/>
      </object_component>
      <object_component id="oc-4fc">
         <name>.text</name>
         <load_address>0x51a0</load_address>
         <run_address>0x51a0</run_address>
         <size>0x2e</size>
         <input_file_ref idref="fl-15d"/>
      </object_component>
      <object_component id="oc-264">
         <name>.text:InternalUSBRegisterTickHandler</name>
         <load_address>0x51d0</load_address>
         <run_address>0x51d0</run_address>
         <size>0x2c</size>
         <input_file_ref idref="fl-16b"/>
      </object_component>
      <object_component id="oc-99">
         <name>.text:USBBufferWrite</name>
         <load_address>0x51fc</load_address>
         <run_address>0x51fc</run_address>
         <size>0x2c</size>
         <input_file_ref idref="fl-16e"/>
      </object_component>
      <object_component id="oc-524">
         <name>.text:USBDCDConfigDescGetNum</name>
         <load_address>0x5228</load_address>
         <run_address>0x5228</run_address>
         <size>0x2c</size>
         <input_file_ref idref="fl-169"/>
      </object_component>
      <object_component id="oc-57c">
         <name>.text:USBDescGet</name>
         <load_address>0x5254</load_address>
         <run_address>0x5254</run_address>
         <size>0x2c</size>
         <input_file_ref idref="fl-16d"/>
      </object_component>
      <object_component id="oc-39f">
         <name>.text:HandleConfigChange</name>
         <load_address>0x5280</load_address>
         <run_address>0x5280</run_address>
         <size>0x28</size>
         <input_file_ref idref="fl-16a"/>
      </object_component>
      <object_component id="oc-564">
         <name>.text:USBDescGetNum</name>
         <load_address>0x52a8</load_address>
         <run_address>0x52a8</run_address>
         <size>0x28</size>
         <input_file_ref idref="fl-16d"/>
      </object_component>
      <object_component id="oc-285">
         <name>.text:USBIntEnableControl</name>
         <load_address>0x52d0</load_address>
         <run_address>0x52d0</run_address>
         <size>0x28</size>
         <input_file_ref idref="fl-172"/>
      </object_component>
      <object_component id="oc-411">
         <name>.text:UpdateIndexAtomic</name>
         <load_address>0x52f8</load_address>
         <run_address>0x52f8</run_address>
         <size>0x28</size>
         <input_file_ref idref="fl-171"/>
      </object_component>
      <object_component id="oc-32a">
         <name>.text:HandleRequestBuffer</name>
         <load_address>0x5320</load_address>
         <run_address>0x5320</run_address>
         <size>0x24</size>
         <input_file_ref idref="fl-16e"/>
      </object_component>
      <object_component id="oc-3cb">
         <name>.text:SendLineCodingChange</name>
         <load_address>0x5344</load_address>
         <run_address>0x5344</run_address>
         <size>0x24</size>
         <input_file_ref idref="fl-16a"/>
      </object_component>
      <object_component id="oc-f5">
         <name>.text:USBBufferRead</name>
         <load_address>0x5368</load_address>
         <run_address>0x5368</run_address>
         <size>0x24</size>
         <input_file_ref idref="fl-16e"/>
      </object_component>
      <object_component id="oc-4c8">
         <name>.text:USBDSetAddress</name>
         <load_address>0x538c</load_address>
         <run_address>0x538c</run_address>
         <size>0x24</size>
         <input_file_ref idref="fl-167"/>
      </object_component>
      <object_component id="oc-31a">
         <name>.text:USBDevEndpointDataAck</name>
         <load_address>0x53b0</load_address>
         <run_address>0x53b0</run_address>
         <size>0x24</size>
         <input_file_ref idref="fl-172"/>
      </object_component>
      <object_component id="oc-3c7">
         <name>.text:SendLineStateChange</name>
         <load_address>0x53d4</load_address>
         <run_address>0x53d4</run_address>
         <size>0x22</size>
         <input_file_ref idref="fl-16a"/>
      </object_component>
      <object_component id="oc-3af">
         <name>.text:HandleDisconnect</name>
         <load_address>0x53f6</load_address>
         <run_address>0x53f6</run_address>
         <size>0x20</size>
         <input_file_ref idref="fl-16a"/>
      </object_component>
      <object_component id="oc-73">
         <name>.text:USBStackModeSet</name>
         <load_address>0x5418</load_address>
         <run_address>0x5418</run_address>
         <size>0x20</size>
         <input_file_ref idref="fl-16c"/>
      </object_component>
      <object_component id="oc-159">
         <name>.text</name>
         <load_address>0x5438</load_address>
         <run_address>0x5438</run_address>
         <size>0x20</size>
         <input_file_ref idref="fl-14d"/>
      </object_component>
      <object_component id="oc-459">
         <name>.text:CheckAndSendBreak</name>
         <load_address>0x5458</load_address>
         <run_address>0x5458</run_address>
         <size>0x1e</size>
         <input_file_ref idref="fl-16a"/>
      </object_component>
      <object_component id="oc-322">
         <name>.text:HandleDataRemaining</name>
         <load_address>0x5476</load_address>
         <run_address>0x5476</run_address>
         <size>0x1e</size>
         <input_file_ref idref="fl-16e"/>
      </object_component>
      <object_component id="oc-30e">
         <name>.text:USBEndpointDataAvail</name>
         <load_address>0x5494</load_address>
         <run_address>0x5494</run_address>
         <size>0x1e</size>
         <input_file_ref idref="fl-172"/>
      </object_component>
      <object_component id="oc-420">
         <name>.text:USBRingBufAdvanceRead</name>
         <load_address>0x54b2</load_address>
         <run_address>0x54b2</run_address>
         <size>0x1e</size>
         <input_file_ref idref="fl-171"/>
      </object_component>
      <object_component id="oc-30a">
         <name>.text:SetDeferredOpFlag</name>
         <load_address>0x54d0</load_address>
         <run_address>0x54d0</run_address>
         <size>0x1c</size>
         <input_file_ref idref="fl-16a"/>
      </object_component>
      <object_component id="oc-528">
         <name>.text:USBDCDConfigGetInterface</name>
         <load_address>0x54ec</load_address>
         <run_address>0x54ec</run_address>
         <size>0x1c</size>
         <input_file_ref idref="fl-169"/>
      </object_component>
      <object_component id="oc-43f">
         <name>.text:USBDCDStallEP0</name>
         <load_address>0x5508</load_address>
         <run_address>0x5508</run_address>
         <size>0x1c</size>
         <input_file_ref idref="fl-167"/>
      </object_component>
      <object_component id="oc-425">
         <name>.text:USBRingBufContigFree</name>
         <load_address>0x5524</load_address>
         <run_address>0x5524</run_address>
         <size>0x1c</size>
         <input_file_ref idref="fl-171"/>
      </object_component>
      <object_component id="oc-3c3">
         <name>.text:DeviceConsumedAllData</name>
         <load_address>0x5540</load_address>
         <run_address>0x5540</run_address>
         <size>0x1a</size>
         <input_file_ref idref="fl-16a"/>
      </object_component>
      <object_component id="oc-221">
         <name>.text:USBRingBufRead</name>
         <load_address>0x555a</load_address>
         <run_address>0x555a</run_address>
         <size>0x1a</size>
         <input_file_ref idref="fl-171"/>
      </object_component>
      <object_component id="oc-384">
         <name>.text:USBRingBufReadOne</name>
         <load_address>0x5574</load_address>
         <run_address>0x5574</run_address>
         <size>0x1a</size>
         <input_file_ref idref="fl-171"/>
      </object_component>
      <object_component id="oc-196">
         <name>.text:USBRingBufWrite</name>
         <load_address>0x558e</load_address>
         <run_address>0x558e</run_address>
         <size>0x1a</size>
         <input_file_ref idref="fl-171"/>
      </object_component>
      <object_component id="oc-17c">
         <name>.text</name>
         <load_address>0x55a8</load_address>
         <run_address>0x55a8</run_address>
         <size>0x1a</size>
         <input_file_ref idref="fl-13d"/>
      </object_component>
      <object_component id="oc-16d">
         <name>.text</name>
         <load_address>0x55c2</load_address>
         <run_address>0x55c2</run_address>
         <size>0x1a</size>
         <input_file_ref idref="fl-148"/>
      </object_component>
      <object_component id="oc-30">
         <name>.text:USB0DeviceIntHandler</name>
         <load_address>0x55dc</load_address>
         <run_address>0x55dc</run_address>
         <size>0x18</size>
         <input_file_ref idref="fl-166"/>
      </object_component>
      <object_component id="oc-448">
         <name>.text:USBDCDConfigDescGetSize</name>
         <load_address>0x55f4</load_address>
         <run_address>0x55f4</run_address>
         <size>0x18</size>
         <input_file_ref idref="fl-169"/>
      </object_component>
      <object_component id="oc-4d0">
         <name>.text:USBDSetDescriptor</name>
         <load_address>0x560c</load_address>
         <run_address>0x560c</run_address>
         <size>0x18</size>
         <input_file_ref idref="fl-167"/>
      </object_component>
      <object_component id="oc-4e4">
         <name>.text:USBDSyncFrame</name>
         <load_address>0x5624</load_address>
         <run_address>0x5624</run_address>
         <size>0x18</size>
         <input_file_ref idref="fl-167"/>
      </object_component>
      <object_component id="oc-3b">
         <name>.text</name>
         <load_address>0x563c</load_address>
         <run_address>0x563c</run_address>
         <size>0x18</size>
         <input_file_ref idref="fl-151"/>
      </object_component>
      <object_component id="oc-46b">
         <name>.text:CheckAndSendLineCodingChange</name>
         <load_address>0x5654</load_address>
         <run_address>0x5654</run_address>
         <size>0x16</size>
         <input_file_ref idref="fl-16a"/>
      </object_component>
      <object_component id="oc-45d">
         <name>.text:CheckAndSendLineStateChange</name>
         <load_address>0x566a</load_address>
         <run_address>0x566a</run_address>
         <size>0x16</size>
         <input_file_ref idref="fl-16a"/>
      </object_component>
      <object_component id="oc-6f">
         <name>.text:USBBufferInit</name>
         <load_address>0x5680</load_address>
         <run_address>0x5680</run_address>
         <size>0x16</size>
         <input_file_ref idref="fl-16e"/>
      </object_component>
      <object_component id="oc-34e">
         <name>.text:USBHostResume</name>
         <load_address>0x5696</load_address>
         <run_address>0x5696</run_address>
         <size>0x16</size>
         <input_file_ref idref="fl-172"/>
      </object_component>
      <object_component id="oc-589">
         <name>.text:USBIndexWrite</name>
         <load_address>0x56ac</load_address>
         <run_address>0x56ac</run_address>
         <size>0x16</size>
         <input_file_ref idref="fl-172"/>
      </object_component>
      <object_component id="oc-21d">
         <name>.text:USBRingBufUsed</name>
         <load_address>0x56c2</load_address>
         <run_address>0x56c2</run_address>
         <size>0x16</size>
         <input_file_ref idref="fl-171"/>
      </object_component>
      <object_component id="oc-465">
         <name>.text:USBDCDRequestDataEP0</name>
         <load_address>0x56d8</load_address>
         <run_address>0x56d8</run_address>
         <size>0x14</size>
         <input_file_ref idref="fl-167"/>
      </object_component>
      <object_component id="oc-289">
         <name>.text:USBIntEnableEndpoint</name>
         <load_address>0x56ec</load_address>
         <run_address>0x56ec</run_address>
         <size>0x14</size>
         <input_file_ref idref="fl-172"/>
      </object_component>
      <object_component id="oc-2f3">
         <name>.text:USBRingBufContigUsed</name>
         <load_address>0x5700</load_address>
         <run_address>0x5700</run_address>
         <size>0x14</size>
         <input_file_ref idref="fl-171"/>
      </object_component>
      <object_component id="oc-218">
         <name>.text:USBRingBufFlush</name>
         <load_address>0x5714</load_address>
         <run_address>0x5714</run_address>
         <size>0x14</size>
         <input_file_ref idref="fl-171"/>
      </object_component>
      <object_component id="oc-20c">
         <name>.text</name>
         <load_address>0x5728</load_address>
         <run_address>0x5728</run_address>
         <size>0x14</size>
         <input_file_ref idref="fl-150"/>
      </object_component>
      <object_component id="oc-f9">
         <name>.text</name>
         <load_address>0x573c</load_address>
         <run_address>0x573c</run_address>
         <size>0x14</size>
         <input_file_ref idref="fl-14b"/>
      </object_component>
      <object_component id="oc-3ab">
         <name>.text:HandleResume</name>
         <load_address>0x5750</load_address>
         <run_address>0x5750</run_address>
         <size>0x12</size>
         <input_file_ref idref="fl-16a"/>
      </object_component>
      <object_component id="oc-3a7">
         <name>.text:HandleSuspend</name>
         <load_address>0x5762</load_address>
         <run_address>0x5762</run_address>
         <size>0x12</size>
         <input_file_ref idref="fl-16a"/>
      </object_component>
      <object_component id="oc-326">
         <name>.text:HandleTxComplete</name>
         <load_address>0x5774</load_address>
         <run_address>0x5774</run_address>
         <size>0x12</size>
         <input_file_ref idref="fl-16e"/>
      </object_component>
      <object_component id="oc-306">
         <name>.text:USBEndpointStatus</name>
         <load_address>0x5786</load_address>
         <run_address>0x5786</run_address>
         <size>0x12</size>
         <input_file_ref idref="fl-172"/>
      </object_component>
      <object_component id="oc-192">
         <name>.text:USBRingBufFree</name>
         <load_address>0x5798</load_address>
         <run_address>0x5798</run_address>
         <size>0x12</size>
         <input_file_ref idref="fl-171"/>
      </object_component>
      <object_component id="oc-2ee">
         <name>.text:USBRingBufWriteOne</name>
         <load_address>0x57aa</load_address>
         <run_address>0x57aa</run_address>
         <size>0x12</size>
         <input_file_ref idref="fl-171"/>
      </object_component>
      <object_component id="oc-19">
         <name>.text:decompress:ZI</name>
         <load_address>0x57bc</load_address>
         <run_address>0x57bc</run_address>
         <size>0x12</size>
         <input_file_ref idref="fl-13c"/>
      </object_component>
      <object_component id="oc-279">
         <name>.text:SysCtlUSBPLLEnable</name>
         <load_address>0x57d0</load_address>
         <run_address>0x57d0</run_address>
         <size>0x10</size>
         <input_file_ref idref="fl-160"/>
      </object_component>
      <object_component id="oc-1a3">
         <name>.text:USBDCDCTxPacketAvailable</name>
         <load_address>0x57e0</load_address>
         <run_address>0x57e0</run_address>
         <size>0x10</size>
         <input_file_ref idref="fl-16a"/>
      </object_component>
      <object_component id="oc-461">
         <name>.text:USBDCDSendDataEP0</name>
         <load_address>0x57f0</load_address>
         <run_address>0x57f0</run_address>
         <size>0x10</size>
         <input_file_ref idref="fl-167"/>
      </object_component>
      <object_component id="oc-103">
         <name>.text</name>
         <load_address>0x5800</load_address>
         <run_address>0x5800</run_address>
         <size>0x10</size>
         <input_file_ref idref="fl-14a"/>
      </object_component>
      <object_component id="oc-14">
         <name>.text:decompress:none</name>
         <load_address>0x5810</load_address>
         <run_address>0x5810</run_address>
         <size>0xe</size>
         <input_file_ref idref="fl-13a"/>
      </object_component>
      <object_component id="oc-44e">
         <name>.text:CPUcpsid</name>
         <load_address>0x581e</load_address>
         <run_address>0x581e</run_address>
         <size>0xc</size>
         <input_file_ref idref="fl-165"/>
      </object_component>
      <object_component id="oc-453">
         <name>.text:CPUcpsie</name>
         <load_address>0x582a</load_address>
         <run_address>0x582a</run_address>
         <size>0xc</size>
         <input_file_ref idref="fl-165"/>
      </object_component>
      <object_component id="oc-a8">
         <name>.text:TimerValueGet</name>
         <load_address>0x5836</load_address>
         <run_address>0x5836</run_address>
         <size>0xc</size>
         <input_file_ref idref="fl-15f"/>
      </object_component>
      <object_component id="oc-1f0">
         <name>.text:USBIntStatusEndpoint</name>
         <load_address>0x5842</load_address>
         <run_address>0x5842</run_address>
         <size>0xc</size>
         <input_file_ref idref="fl-172"/>
      </object_component>
      <object_component id="oc-110">
         <name>.text:USBRingBufInit</name>
         <load_address>0x584e</load_address>
         <run_address>0x584e</run_address>
         <size>0xc</size>
         <input_file_ref idref="fl-171"/>
      </object_component>
      <object_component id="oc-26">
         <name>.text</name>
         <load_address>0x585a</load_address>
         <run_address>0x585a</run_address>
         <size>0xc</size>
         <input_file_ref idref="fl-8"/>
      </object_component>
      <object_component id="oc-8f">
         <name>.text:GPIOPinRead</name>
         <load_address>0x5866</load_address>
         <run_address>0x5866</run_address>
         <size>0xa</size>
         <input_file_ref idref="fl-163"/>
      </object_component>
      <object_component id="oc-93">
         <name>.text:GPIOPinWrite</name>
         <load_address>0x5870</load_address>
         <run_address>0x5870</run_address>
         <size>0xa</size>
         <input_file_ref idref="fl-163"/>
      </object_component>
      <object_component id="oc-37a">
         <name>.text:IntMasterDisable</name>
         <load_address>0x587a</load_address>
         <run_address>0x587a</run_address>
         <size>0xa</size>
         <input_file_ref idref="fl-161"/>
      </object_component>
      <object_component id="oc-37e">
         <name>.text:IntMasterEnable</name>
         <load_address>0x5884</load_address>
         <run_address>0x5884</run_address>
         <size>0xa</size>
         <input_file_ref idref="fl-161"/>
      </object_component>
      <object_component id="oc-28e">
         <name>.text:USBDevConnect</name>
         <load_address>0x588e</load_address>
         <run_address>0x588e</run_address>
         <size>0xa</size>
         <input_file_ref idref="fl-172"/>
      </object_component>
      <object_component id="oc-1f8">
         <name>.text:USBDevDisconnect</name>
         <load_address>0x5898</load_address>
         <run_address>0x5898</run_address>
         <size>0xa</size>
         <input_file_ref idref="fl-172"/>
      </object_component>
      <object_component id="oc-281">
         <name>.text:USBDevMode</name>
         <load_address>0x58a2</load_address>
         <run_address>0x58a2</run_address>
         <size>0x8</size>
         <input_file_ref idref="fl-172"/>
      </object_component>
      <object_component id="oc-27d">
         <name>.text:USBOTGMode</name>
         <load_address>0x58aa</load_address>
         <run_address>0x58aa</run_address>
         <size>0x8</size>
         <input_file_ref idref="fl-172"/>
      </object_component>
      <object_component id="oc-28d">
         <name>.text:SysCtlDelay</name>
         <load_address>0x58b2</load_address>
         <run_address>0x58b2</run_address>
         <size>0x6</size>
         <input_file_ref idref="fl-160"/>
      </object_component>
      <object_component id="oc-f1">
         <name>.text:USBBufferFlush</name>
         <load_address>0x58b8</load_address>
         <run_address>0x58b8</run_address>
         <size>0x6</size>
         <input_file_ref idref="fl-16e"/>
      </object_component>
      <object_component id="oc-1e">
         <name>.text:decompress:rle24</name>
         <load_address>0x58be</load_address>
         <run_address>0x58be</run_address>
         <size>0x6</size>
         <input_file_ref idref="fl-13b"/>
      </object_component>
      <object_component id="oc-147">
         <name>.text:I2CMasterDataGet</name>
         <load_address>0x58c4</load_address>
         <run_address>0x58c4</run_address>
         <size>0x4</size>
         <input_file_ref idref="fl-162"/>
      </object_component>
      <object_component id="oc-358">
         <name>.text:USBDevAddrSet</name>
         <load_address>0x58c8</load_address>
         <run_address>0x58c8</run_address>
         <size>0x4</size>
         <input_file_ref idref="fl-172"/>
      </object_component>
      <object_component id="oc-176">
         <name>.const:.string:flashBlock</name>
         <load_address>0x6000</load_address>
         <run_address>0x6000</run_address>
         <size>0x800</size>
         <input_file_ref idref="fl-2"/>
      </object_component>
      <object_component id="oc-40a">
         <name>.const</name>
         <load_address>0x6800</load_address>
         <run_address>0x6800</run_address>
         <size>0x80</size>
         <input_file_ref idref="fl-14e"/>
      </object_component>
      <object_component id="oc-3bb">
         <name>.const:g_sUSBDefaultFIFOConfig</name>
         <load_address>0x6880</load_address>
         <run_address>0x6880</run_address>
         <size>0x78</size>
         <input_file_ref idref="fl-167"/>
      </object_component>
      <object_component id="oc-3db">
         <name>.const</name>
         <load_address>0x68f8</load_address>
         <run_address>0x68f8</run_address>
         <size>0x70</size>
         <input_file_ref idref="fl-161"/>
      </object_component>
      <object_component id="oc-2ba">
         <name>.const:g_pulXtals</name>
         <load_address>0x6968</load_address>
         <run_address>0x6968</run_address>
         <size>0x6c</size>
         <input_file_ref idref="fl-160"/>
      </object_component>
      <object_component id="oc-12c">
         <name>.const</name>
         <load_address>0x69d4</load_address>
         <run_address>0x69d4</run_address>
         <size>0x50</size>
         <input_file_ref idref="fl-16a"/>
      </object_component>
      <object_component id="oc-14d">
         <name>.const:PCA9685_DELAY</name>
         <load_address>0x6a24</load_address>
         <run_address>0x6a24</run_address>
         <size>0x40</size>
         <input_file_ref idref="fl-9"/>
      </object_component>
      <object_component id="oc-3d0">
         <name>.const</name>
         <load_address>0x6a64</load_address>
         <run_address>0x6a64</run_address>
         <size>0x40</size>
         <input_file_ref idref="fl-160"/>
      </object_component>
      <object_component id="oc-33b">
         <name>.const:.string:g_pConfigString</name>
         <load_address>0x6aa4</load_address>
         <run_address>0x6aa4</run_address>
         <size>0x36</size>
         <input_file_ref idref="fl-3"/>
      </object_component>
      <object_component id="oc-445">
         <name>.const:g_psUSBDStdRequests</name>
         <load_address>0x6adc</load_address>
         <run_address>0x6adc</run_address>
         <size>0x34</size>
         <input_file_ref idref="fl-167"/>
      </object_component>
      <object_component id="oc-339">
         <name>.const:.string:g_pControlInterfaceString</name>
         <load_address>0x6b10</load_address>
         <run_address>0x6b10</run_address>
         <size>0x2c</size>
         <input_file_ref idref="fl-3"/>
      </object_component>
      <object_component id="oc-a1">
         <name>.const:g_sCDCDevice</name>
         <load_address>0x6b3c</load_address>
         <run_address>0x6b3c</run_address>
         <size>0x2c</size>
         <input_file_ref idref="fl-3"/>
      </object_component>
      <object_component id="oc-335">
         <name>.const:.string:g_pManufacturerString</name>
         <load_address>0x6b68</load_address>
         <run_address>0x6b68</run_address>
         <size>0x26</size>
         <input_file_ref idref="fl-3"/>
      </object_component>
      <object_component id="oc-337">
         <name>.const:.string:g_pProductString</name>
         <load_address>0x6b8e</load_address>
         <run_address>0x6b8e</run_address>
         <size>0x24</size>
         <input_file_ref idref="fl-3"/>
      </object_component>
      <object_component id="oc-9f">
         <name>.const:g_sRxBuffer</name>
         <load_address>0x6bb4</load_address>
         <run_address>0x6bb4</run_address>
         <size>0x24</size>
         <input_file_ref idref="fl-3"/>
      </object_component>
      <object_component id="oc-9d">
         <name>.const:g_sTxBuffer</name>
         <load_address>0x6bd8</load_address>
         <run_address>0x6bd8</run_address>
         <size>0x24</size>
         <input_file_ref idref="fl-3"/>
      </object_component>
      <object_component id="oc-297">
         <name>.const:g_pCDCSerCommInterface</name>
         <load_address>0x6bfc</load_address>
         <run_address>0x6bfc</run_address>
         <size>0x23</size>
         <input_file_ref idref="fl-16a"/>
      </object_component>
      <object_component id="oc-130">
         <name>.const</name>
         <load_address>0x6c20</load_address>
         <run_address>0x6c20</run_address>
         <size>0x1c</size>
         <input_file_ref idref="fl-5"/>
      </object_component>
      <object_component id="oc-1be">
         <name>.const</name>
         <load_address>0x6c3c</load_address>
         <run_address>0x6c3c</run_address>
         <size>0x18</size>
         <input_file_ref idref="fl-3"/>
      </object_component>
      <object_component id="oc-333">
         <name>.const:.string</name>
         <load_address>0x6c54</load_address>
         <run_address>0x6c54</run_address>
         <size>0x16</size>
         <input_file_ref idref="fl-3"/>
      </object_component>
      <object_component id="oc-2a9">
         <name>.const:.string</name>
         <load_address>0x6c6c</load_address>
         <run_address>0x6c6c</run_address>
         <size>0x12</size>
         <input_file_ref idref="fl-5"/>
      </object_component>
      <object_component id="oc-5bc">
         <name>.cinit..data.load</name>
         <load_address>0x58d0</load_address>
         <run_address>0x58d0</run_address>
         <size>0xd2</size>
      </object_component>
      <object_component id="oc-5ba">
         <name>__TI_handler_table</name>
         <load_address>0x59a4</load_address>
         <run_address>0x59a4</run_address>
         <size>0xc</size>
      </object_component>
      <object_component id="oc-5bd">
         <name>.cinit..bss.load</name>
         <load_address>0x59b0</load_address>
         <run_address>0x59b0</run_address>
         <size>0x8</size>
      </object_component>
      <object_component id="oc-5bb">
         <name>__TI_cinit_table</name>
         <load_address>0x59b8</load_address>
         <run_address>0x59b8</run_address>
         <size>0x10</size>
      </object_component>
      <object_component id="oc-45">
         <name>.data</name>
         <load_address>0x20001870</load_address>
         <run_address>0x20001870</run_address>
         <size>0x4</size>
         <input_file_ref idref="fl-149"/>
      </object_component>
      <object_component id="oc-97">
         <name>.data</name>
         <load_address>0x200017ec</load_address>
         <run_address>0x200017ec</run_address>
         <size>0x29</size>
         <input_file_ref idref="fl-7"/>
      </object_component>
      <object_component id="oc-cb">
         <name>.data</name>
         <load_address>0x2000184c</load_address>
         <run_address>0x2000184c</run_address>
         <size>0x8</size>
         <input_file_ref idref="fl-150"/>
      </object_component>
      <object_component id="oc-cd">
         <name>.data</name>
         <load_address>0x20001854</load_address>
         <run_address>0x20001854</run_address>
         <size>0x8</size>
         <input_file_ref idref="fl-13e"/>
      </object_component>
      <object_component id="oc-108">
         <name>.data</name>
         <load_address>0x20001818</load_address>
         <run_address>0x20001818</run_address>
         <size>0x10</size>
         <input_file_ref idref="fl-4"/>
      </object_component>
      <object_component id="oc-116">
         <name>.data</name>
         <load_address>0x20001840</load_address>
         <run_address>0x20001840</run_address>
         <size>0x9</size>
         <input_file_ref idref="fl-16c"/>
      </object_component>
      <object_component id="oc-132">
         <name>.data</name>
         <load_address>0x20001864</load_address>
         <run_address>0x20001864</run_address>
         <size>0x5</size>
         <input_file_ref idref="fl-5"/>
      </object_component>
      <object_component id="oc-1fc">
         <name>.data</name>
         <load_address>0x20001834</load_address>
         <run_address>0x20001834</run_address>
         <size>0xc</size>
         <input_file_ref idref="fl-16b"/>
      </object_component>
      <object_component id="oc-1fe">
         <name>.data</name>
         <load_address>0x20001874</load_address>
         <run_address>0x20001874</run_address>
         <size>0x4</size>
         <input_file_ref idref="fl-167"/>
      </object_component>
      <object_component id="oc-228">
         <name>.data</name>
         <load_address>0x20001828</load_address>
         <run_address>0x20001828</run_address>
         <size>0xc</size>
         <input_file_ref idref="fl-147"/>
      </object_component>
      <object_component id="oc-268">
         <name>.data</name>
         <load_address>0x200017ac</load_address>
         <run_address>0x200017ac</run_address>
         <size>0x40</size>
         <input_file_ref idref="fl-16a"/>
      </object_component>
      <object_component id="oc-26a">
         <name>.data:g_sCDCSerDeviceInfo</name>
         <load_address>0x20001760</load_address>
         <run_address>0x20001760</run_address>
         <size>0x4c</size>
         <input_file_ref idref="fl-16a"/>
      </object_component>
      <object_component id="oc-408">
         <name>.data</name>
         <load_address>0x200016e0</load_address>
         <run_address>0x200016e0</run_address>
         <size>0x80</size>
         <input_file_ref idref="fl-14f"/>
      </object_component>
      <object_component id="oc-496">
         <name>.data</name>
         <load_address>0x2000186c</load_address>
         <run_address>0x2000186c</run_address>
         <size>0x4</size>
         <input_file_ref idref="fl-15b"/>
      </object_component>
      <object_component id="oc-501">
         <name>.data</name>
         <load_address>0x2000185c</load_address>
         <run_address>0x2000185c</run_address>
         <size>0x8</size>
         <input_file_ref idref="fl-15c"/>
      </object_component>
      <object_component id="oc-56f">
         <name>.data:sigtable</name>
         <load_address>0x20001630</load_address>
         <run_address>0x20001630</run_address>
         <size>0xb0</size>
         <input_file_ref idref="fl-15e"/>
      </object_component>
      <object_component id="oc-10c">
         <name>.bss:g_strParams</name>
         <uninitialized>true</uninitialized>
         <run_address>0x200015b0</run_address>
         <size>0x28</size>
         <input_file_ref idref="fl-4"/>
      </object_component>
      <object_component id="oc-118">
         <name>.bss</name>
         <uninitialized>true</uninitialized>
         <run_address>0x2000161c</run_address>
         <size>0xc</size>
         <input_file_ref idref="fl-16c"/>
      </object_component>
      <object_component id="oc-178">
         <name>.bss:waveforms</name>
         <uninitialized>true</uninitialized>
         <run_address>0x20001000</run_address>
         <size>0x180</size>
         <input_file_ref idref="fl-2"/>
      </object_component>
      <object_component id="oc-17a">
         <name>.bss:motors</name>
         <uninitialized>true</uninitialized>
         <run_address>0x20001380</run_address>
         <size>0x100</size>
         <input_file_ref idref="fl-2"/>
      </object_component>
      <object_component id="oc-185">
         <name>.bss:dutyCycles</name>
         <uninitialized>true</uninitialized>
         <run_address>0x200014d4</run_address>
         <size>0x40</size>
         <input_file_ref idref="fl-2"/>
      </object_component>
      <object_component id="oc-1a7">
         <name>.bss:g_pcUSBTxBuffer</name>
         <uninitialized>true</uninitialized>
         <run_address>0x20001280</run_address>
         <size>0x100</size>
         <input_file_ref idref="fl-3"/>
      </object_component>
      <object_component id="oc-1b5">
         <name>.bss:g_pcUSBRxBuffer</name>
         <uninitialized>true</uninitialized>
         <run_address>0x20001180</run_address>
         <size>0x100</size>
         <input_file_ref idref="fl-3"/>
      </object_component>
      <object_component id="oc-1c0">
         <name>.bss:g_sCDCInstance</name>
         <uninitialized>true</uninitialized>
         <run_address>0x20001584</run_address>
         <size>0x2c</size>
         <input_file_ref idref="fl-3"/>
      </object_component>
      <object_component id="oc-1ff">
         <name>.bss:g_psUSBDevice</name>
         <uninitialized>true</uninitialized>
         <run_address>0x20001480</run_address>
         <size>0x54</size>
         <input_file_ref idref="fl-167"/>
      </object_component>
      <object_component id="oc-353">
         <name>.bss</name>
         <uninitialized>true</uninitialized>
         <run_address>0x20001554</run_address>
         <size>0x30</size>
         <input_file_ref idref="fl-16b"/>
      </object_component>
      <object_component id="oc-443">
         <name>.bss:g_pucDataBufferIn</name>
         <uninitialized>true</uninitialized>
         <run_address>0x20001514</run_address>
         <size>0x40</size>
         <input_file_ref idref="fl-167"/>
      </object_component>
      <object_component id="oc-1b7">
         <name>.common:g_pucRxBufferWorkspace</name>
         <uninitialized>true</uninitialized>
         <run_address>0x200015d8</run_address>
         <size>0x18</size>
      </object_component>
      <object_component id="oc-1a9">
         <name>.common:g_pucTxBufferWorkspace</name>
         <uninitialized>true</uninitialized>
         <run_address>0x200015f0</run_address>
         <size>0x18</size>
      </object_component>
      <object_component id="oc-10e">
         <name>.common:g_strFuncName</name>
         <uninitialized>true</uninitialized>
         <run_address>0x20001628</run_address>
         <size>0x4</size>
      </object_component>
      <object_component id="oc-10a">
         <name>.common:g_strAssembler</name>
         <uninitialized>true</uninitialized>
         <run_address>0x20001608</run_address>
         <size>0x14</size>
      </object_component>
      <object_component id="oc-24">
         <name>.sysmem</name>
         <uninitialized>true</uninitialized>
         <run_address>0x20000800</run_address>
         <size>0x8</size>
         <input_file_ref idref="fl-147"/>
      </object_component>
      <object_component id="oc-5bf">
         <name>.sysmem</name>
         <uninitialized>true</uninitialized>
         <run_address>0x20000800</run_address>
         <size>0x0</size>
      </object_component>
      <object_component id="oc-23">
         <name>.stack</name>
         <uninitialized>true</uninitialized>
         <run_address>0x20000000</run_address>
         <size>0x0</size>
         <input_file_ref idref="fl-139"/>
      </object_component>
      <object_component id="oc-5be">
         <name>.stack</name>
         <uninitialized>true</uninitialized>
         <run_address>0x20000000</run_address>
         <size>0x0</size>
      </object_component>
      <object_component id="oc-f">
         <name>.debug_info</name>
         <load_address>0x0</load_address>
         <run_address>0x0</run_address>
         <size>0xf6</size>
         <input_file_ref idref="fl-8"/>
      </object_component>
      <object_component id="oc-12">
         <name>.debug_info</name>
         <load_address>0xf6</load_address>
         <run_address>0xf6</run_address>
         <size>0xf3</size>
         <input_file_ref idref="fl-139"/>
      </object_component>
      <object_component id="oc-17">
         <name>.debug_info</name>
         <load_address>0x1e9</load_address>
         <run_address>0x1e9</run_address>
         <size>0x194</size>
         <input_file_ref idref="fl-13a"/>
      </object_component>
      <object_component id="oc-1d">
         <name>.debug_info</name>
         <load_address>0x37d</load_address>
         <run_address>0x37d</run_address>
         <size>0x16a</size>
[...]
         <object_component_ref idref="oc-535"/>
      </symbol>
      <symbol id="sm-6a5">
         <name>TimerValueGet</name>
         <value>0x5837</value>
         <object_component_ref idref="oc-a8"/>
      </symbol>
      <symbol id="sm-712">
         <name>SysCtlDelay</name>
         <value>0x58b3</value>
         <object_component_ref idref="oc-28d"/>
      </symbol>
      <symbol id="sm-713">
         <name>SysCtlPeripheralEnable</name>
         <value>0x462d</value>
         <object_component_ref idref="oc-275"/>
      </symbol>
      <symbol id="sm-714">
         <name>SysCtlClockGet</name>
         <value>0x2689</value>
         <object_component_ref idref="oc-143"/>
      </symbol>
      <symbol id="sm-715">
         <name>SysCtlUSBPLLEnable</name>
         <value>0x57d1</value>
         <object_component_ref idref="oc-279"/>
      </symbol>
      <symbol id="sm-716">
         <name>SysCtlPeripheralReset</name>
         <value>0x3c25</value>
         <object_component_ref idref="oc-271"/>
      </symbol>
      <symbol id="sm-744">
         <name>IntEnable</name>
         <value>0x44ad</value>
         <object_component_ref idref="oc-292"/>
      </symbol>
      <symbol id="sm-745">
         <name>IntMasterDisable</name>
         <value>0x587b</value>
         <object_component_ref idref="oc-37a"/>
      </symbol>
      <symbol id="sm-746">
         <name>IntMasterEnable</name>
         <value>0x5885</value>
         <object_component_ref idref="oc-37e"/>
      </symbol>
      <symbol id="sm-751">
         <name>I2CMasterDataGet</name>
         <value>0x58c5</value>
         <object_component_ref idref="oc-147"/>
      </symbol>
      <symbol id="sm-793">
         <name>GPIOPinTypeI2CSCL</name>
         <value>0x4191</value>
         <object_component_ref idref="oc-13f"/>
      </symbol>
      <symbol id="sm-794">
         <name>GPIOPinRead</name>
         <value>0x5867</value>
         <object_component_ref idref="oc-8f"/>
      </symbol>
      <symbol id="sm-795">
         <name>GPIODirModeSet</name>
         <value>0x50e9</value>
         <object_component_ref idref="oc-2b1"/>
      </symbol>
      <symbol id="sm-796">
         <name>GPIOPinWrite</name>
         <value>0x5871</value>
         <object_component_ref idref="oc-93"/>
      </symbol>
      <symbol id="sm-797">
         <name>GPIOPadConfigSet</name>
         <value>0x35ed</value>
         <object_component_ref idref="oc-2b5"/>
      </symbol>
      <symbol id="sm-7da">
         <name>FlashErase</name>
         <value>0x4f29</value>
         <object_component_ref idref="oc-151"/>
      </symbol>
      <symbol id="sm-7db">
         <name>FlashProgram</name>
         <value>0x3b8d</value>
         <object_component_ref idref="oc-155"/>
      </symbol>
      <symbol id="sm-7e9">
         <name>CPUcpsie</name>
         <value>0x582b</value>
         <object_component_ref idref="oc-453"/>
      </symbol>
      <symbol id="sm-7ea">
         <name>CPUcpsid</name>
         <value>0x581f</value>
         <object_component_ref idref="oc-44e"/>
      </symbol>
      <symbol id="sm-80f">
         <name>USB0DeviceIntHandler</name>
         <value>0x55dd</value>
         <object_component_ref idref="oc-30"/>
      </symbol>
      <symbol id="sm-978">
         <name>g_psUSBDevice</name>
         <value>0x20001480</value>
         <object_component_ref idref="oc-1ff"/>
      </symbol>
      <symbol id="sm-979">
         <name>USBDCDSendDataEP0</name>
         <value>0x57f1</value>
         <object_component_ref idref="oc-461"/>
      </symbol>
      <symbol id="sm-97a">
         <name>USBDCDStallEP0</name>
         <value>0x5509</value>
         <object_component_ref idref="oc-43f"/>
      </symbol>
      <symbol id="sm-97b">
         <name>g_sUSBDefaultFIFOConfig</name>
         <value>0x6880</value>
         <object_component_ref idref="oc-3bb"/>
      </symbol>
      <symbol id="sm-97c">
         <name>USBDCDRequestDataEP0</name>
         <value>0x56d9</value>
         <object_component_ref idref="oc-465"/>
      </symbol>
      <symbol id="sm-97d">
         <name>USBDeviceEnumHandler</name>
         <value>0x3449</value>
         <object_component_ref idref="oc-1f4"/>
      </symbol>
      <symbol id="sm-97e">
         <name>USBDCDInit</name>
         <value>0x3355</value>
         <object_component_ref idref="oc-128"/>
      </symbol>
      <symbol id="sm-97f">
         <name>USBDeviceEnumResetHandler</name>
         <value>0x4fc5</value>
         <object_component_ref idref="oc-1e4"/>
      </symbol>
      <symbol id="sm-980">
         <name>USBDeviceIntHandlerInternal</name>
         <value>0x39a9</value>
         <object_component_ref idref="oc-b7"/>
      </symbol>
      <symbol id="sm-981">
         <name>USBDeviceResumeTickHandler</name>
         <value>0x49b1</value>
         <object_component_ref idref="oc-1e8"/>
      </symbol>
      <symbol id="sm-a24">
         <name>USBDeviceConfigAlternate</name>
         <value>0x3839</value>
         <object_component_ref idref="oc-52c"/>
      </symbol>
      <symbol id="sm-a25">
         <name>USBDeviceConfig</name>
         <value>0x2bbd</value>
         <object_component_ref idref="oc-51e"/>
      </symbol>
      <symbol id="sm-a8a">
         <name>USBDCDConfigDescGet</name>
         <value>0x47df</value>
         <object_component_ref idref="oc-54a"/>
      </symbol>
      <symbol id="sm-a8b">
         <name>USBDCDConfigGetInterface</name>
         <value>0x54ed</value>
         <object_component_ref idref="oc-528"/>
      </symbol>
      <symbol id="sm-a8c">
         <name>USBDCDConfigDescGetSize</name>
         <value>0x55f5</value>
         <object_component_ref idref="oc-448"/>
      </symbol>
      <symbol id="sm-a8d">
         <name>USBDCDConfigGetInterfaceEndpoint</name>
         <value>0x4d6b</value>
         <object_component_ref idref="oc-54e"/>
      </symbol>
      <symbol id="sm-a8e">
         <name>USBDCDConfigDescGetNum</name>
         <value>0x5229</value>
         <object_component_ref idref="oc-524"/>
      </symbol>
      <symbol id="sm-bb6">
         <name>g_psCDCCompSerSections</name>
         <value>0x200017dc</value>
         <object_component_ref idref="oc-268"/>
      </symbol>
      <symbol id="sm-bb7">
         <name>g_sCDCCompSerConfigHeader</name>
         <value>0x6a14</value>
         <object_component_ref idref="oc-12c"/>
      </symbol>
      <symbol id="sm-bb8">
         <name>g_sCDCSerCommInterfaceSection</name>
         <value>0x69e4</value>
         <object_component_ref idref="oc-12c"/>
      </symbol>
      <symbol id="sm-bb9">
         <name>g_sIADSerConfigSection</name>
         <value>0x69dc</value>
         <object_component_ref idref="oc-12c"/>
      </symbol>
      <symbol id="sm-bba">
         <name>g_pIADSerDescriptor</name>
         <value>0x200017c7</value>
         <object_component_ref idref="oc-268"/>
      </symbol>
      <symbol id="sm-bbb">
         <name>g_pCDCCompSerConfigDescriptors</name>
         <value>0x6a20</value>
         <object_component_ref idref="oc-12c"/>
      </symbol>
      <symbol id="sm-bbc">
         <name>USBDCDCCompositeInit</name>
         <value>0x3cb9</value>
         <object_component_ref idref="oc-124"/>
      </symbol>
      <symbol id="sm-bbd">
         <name>USBDCDCTxPacketAvailable</name>
         <value>0x57e1</value>
         <object_component_ref idref="oc-1a3"/>
      </symbol>
      <symbol id="sm-bbe">
         <name>g_pCDCSerCommInterface</name>
         <value>0x6bfc</value>
         <object_component_ref idref="oc-297"/>
      </symbol>
      <symbol id="sm-bbf">
         <name>g_pCDCSerDescriptor</name>
         <value>0x200017be</value>
         <object_component_ref idref="oc-268"/>
      </symbol>
      <symbol id="sm-bc0">
         <name>g_sCDCSerDataInterfaceSection</name>
         <value>0x6a04</value>
         <object_component_ref idref="oc-12c"/>
      </symbol>
      <symbol id="sm-bc1">
         <name>USBDCDCInit</name>
         <value>0x5059</value>
         <object_component_ref idref="oc-77"/>
      </symbol>
      <symbol id="sm-bc2">
         <name>ProcessNotificationToHost</name>
         <value>0x5029</value>
         <object_component_ref idref="oc-473"/>
      </symbol>
      <symbol id="sm-bc3">
         <name>g_sCDCSerConfigSection</name>
         <value>0x69d4</value>
         <object_component_ref idref="oc-12c"/>
      </symbol>
      <symbol id="sm-bc4">
         <name>g_sCDCSerDeviceInfo</name>
         <value>0x20001760</value>
         <object_component_ref idref="oc-26a"/>
      </symbol>
      <symbol id="sm-bc5">
         <name>g_psCDCSerSections</name>
         <value>0x200017d0</value>
         <object_component_ref idref="oc-268"/>
      </symbol>
      <symbol id="sm-bc6">
         <name>ProcessDataFromHost</name>
         <value>0x436b</value>
         <object_component_ref idref="oc-477"/>
      </symbol>
      <symbol id="sm-bc7">
         <name>g_pCDCSerDataInterface</name>
         <value>0x69ec</value>
         <object_component_ref idref="oc-12c"/>
      </symbol>
      <symbol id="sm-bc8">
         <name>g_pCDCSerDeviceDescriptor</name>
         <value>0x200017ac</value>
         <object_component_ref idref="oc-268"/>
      </symbol>
      <symbol id="sm-bc9">
         <name>USBDCDCRxPacketAvailable</name>
         <value>0x5117</value>
         <object_component_ref idref="oc-1b1"/>
      </symbol>
      <symbol id="sm-bca">
         <name>ProcessDataToHost</name>
         <value>0x4735</value>
         <object_component_ref idref="oc-47b"/>
      </symbol>
      <symbol id="sm-bcb">
         <name>g_pCDCSerConfigDescriptors</name>
         <value>0x6a1c</value>
         <object_component_ref idref="oc-12c"/>
      </symbol>
      <symbol id="sm-bcc">
         <name>USBDCDCPacketRead</name>
         <value>0x3de1</value>
         <object_component_ref idref="oc-1ad"/>
      </symbol>
      <symbol id="sm-bcd">
         <name>g_sCDCSerConfigHeader</name>
         <value>0x6a0c</value>
         <object_component_ref idref="oc-12c"/>
      </symbol>
      <symbol id="sm-bce">
         <name>USBDCDCPacketWrite</name>
         <value>0x48cd</value>
         <object_component_ref idref="oc-19f"/>
      </symbol>
      <symbol id="sm-c0f">
         <name>g_pfTickHandlers</name>
         <value>0x20001554</value>
         <object_component_ref idref="oc-353"/>
      </symbol>
      <symbol id="sm-c10">
         <name>g_ulUSBSOFCount</name>
         <value>0x2000183c</value>
         <object_component_ref idref="oc-1fc"/>
      </symbol>
      <symbol id="sm-c11">
         <name>g_pvTickInstance</name>
         <value>0x2000156c</value>
         <object_component_ref idref="oc-353"/>
      </symbol>
      <symbol id="sm-c12">
         <name>g_bUSBTimerInitialized</name>
         <value>0x20001834</value>
         <object_component_ref idref="oc-1fc"/>
      </symbol>
      <symbol id="sm-c13">
         <name>InternalUSBStartOfFrameTick</name>
         <value>0x4f5d</value>
         <object_component_ref idref="oc-1ec"/>
      </symbol>
      <symbol id="sm-c14">
         <name>InternalUSBRegisterTickHandler</name>
         <value>0x51d1</value>
         <object_component_ref idref="oc-264"/>
      </symbol>
      <symbol id="sm-c15">
         <name>InternalUSBTickInit</name>
         <value>0x4ff9</value>
         <object_component_ref idref="oc-260"/>
      </symbol>
      <symbol id="sm-c16">
         <name>g_ulCurrentUSBTick</name>
         <value>0x20001838</value>
         <object_component_ref idref="oc-1fc"/>
      </symbol>
      <symbol id="sm-c3e">
         <name>g_ulPollRate</name>
         <value>0x2000161c</value>
         <object_component_ref idref="oc-118"/>
      </symbol>
      <symbol id="sm-c3f">
         <name>g_eOTGModeState</name>
         <value>0x20001620</value>
         <object_component_ref idref="oc-118"/>
      </symbol>
      <symbol id="sm-c40">
         <name>USBStackModeSet</name>
         <value>0x5419</value>
         <object_component_ref idref="oc-73"/>
      </symbol>
      <symbol id="sm-c41">
         <name>g_ulWaitTicks</name>
         <value>0x20001844</value>
         <object_component_ref idref="oc-116"/>
      </symbol>
      <symbol id="sm-c42">
         <name>g_eUSBMode</name>
         <value>0x20001840</value>
         <object_component_ref idref="oc-116"/>
      </symbol>
      <symbol id="sm-c6e">
         <name>USBDescGet</name>
         <value>0x5255</value>
         <object_component_ref idref="oc-57c"/>
      </symbol>
      <symbol id="sm-c6f">
         <name>USBDescGetNum</name>
         <value>0x52a9</value>
         <object_component_ref idref="oc-564"/>
      </symbol>
      <symbol id="sm-cd2">
         <name>USBBufferInit</name>
         <value>0x5681</value>
         <object_component_ref idref="oc-6f"/>
      </symbol>
      <symbol id="sm-cd3">
         <name>USBBufferRead</name>
         <value>0x5369</value>
         <object_component_ref idref="oc-f5"/>
      </symbol>
      <symbol id="sm-cd4">
         <name>USBBufferEventCallback</name>
         <value>0x4511</value>
         <object_component_ref idref="oc-1ba"/>
      </symbol>
      <symbol id="sm-cd5">
         <name>USBBufferWrite</name>
         <value>0x51fd</value>
         <object_component_ref idref="oc-99"/>
      </symbol>
      <symbol id="sm-cd6">
         <name>USBBufferFlush</name>
         <value>0x58b9</value>
         <object_component_ref idref="oc-f1"/>
      </symbol>
      <symbol id="sm-d46">
         <name>USBRingBufWrite</name>
         <value>0x558f</value>
         <object_component_ref idref="oc-196"/>
      </symbol>
      <symbol id="sm-d47">
         <name>USBRingBufContigUsed</name>
         <value>0x5701</value>
         <object_component_ref idref="oc-2f3"/>
      </symbol>
      <symbol id="sm-d48">
         <name>USBRingBufFlush</name>
         <value>0x5715</value>
         <object_component_ref idref="oc-218"/>
      </symbol>
      <symbol id="sm-d49">
         <name>USBRingBufAdvanceWrite</name>
         <value>0x4ef1</value>
         <object_component_ref idref="oc-42a"/>
      </symbol>
      <symbol id="sm-d4a">
         <name>USBRingBufWriteOne</name>
         <value>0x57ab</value>
         <object_component_ref idref="oc-2ee"/>
      </symbol>
      <symbol id="sm-d4b">
         <name>USBRingBufUsed</name>
         <value>0x56c3</value>
         <object_component_ref idref="oc-21d"/>
      </symbol>
      <symbol id="sm-d4c">
         <name>USBRingBufFree</name>
         <value>0x5799</value>
         <object_component_ref idref="oc-192"/>
      </symbol>
      <symbol id="sm-d4d">
         <name>USBRingBufAdvanceRead</name>
         <value>0x54b3</value>
         <object_component_ref idref="oc-420"/>
      </symbol>
      <symbol id="sm-d4e">
         <name>USBRingBufReadOne</name>
         <value>0x5575</value>
         <object_component_ref idref="oc-384"/>
      </symbol>
      <symbol id="sm-d4f">
         <name>USBRingBufInit</name>
         <value>0x584f</value>
         <object_component_ref idref="oc-110"/>
      </symbol>
      <symbol id="sm-d50">
         <name>USBRingBufRead</name>
         <value>0x555b</value>
         <object_component_ref idref="oc-221"/>
      </symbol>
      <symbol id="sm-d51">
         <name>USBRingBufContigFree</name>
         <value>0x5525</value>
         <object_component_ref idref="oc-425"/>
      </symbol>
      <symbol id="sm-e1e">
         <name>USBEndpointDataAvail</name>
         <value>0x5495</value>
         <object_component_ref idref="oc-30e"/>
      </symbol>
      <symbol id="sm-e1f">
         <name>USBDevDisconnect</name>
         <value>0x5899</value>
         <object_component_ref idref="oc-1f8"/>
      </symbol>
      <symbol id="sm-e20">
         <name>USBDevEndpointStallClear</name>
         <value>0x482f</value>
         <object_component_ref idref="oc-510"/>
      </symbol>
      <symbol id="sm-e21">
         <name>USBEndpointDataPut</name>
         <value>0x5089</value>
         <object_component_ref idref="oc-2f8"/>
      </symbol>
      <symbol id="sm-e22">
         <name>USBDevAddrSet</name>
         <value>0x58c9</value>
         <object_component_ref idref="oc-358"/>
      </symbol>
      <symbol id="sm-e23">
         <name>USBIntStatusControl</name>
         <value>0x4e15</value>
         <object_component_ref idref="oc-b3"/>
      </symbol>
      <symbol id="sm-e24">
         <name>USBDevEndpointDataAck</name>
         <value>0x53b1</value>
         <object_component_ref idref="oc-31a"/>
      </symbol>
      <symbol id="sm-e25">
         <name>USBOTGMode</name>
         <value>0x58ab</value>
         <object_component_ref idref="oc-27d"/>
      </symbol>
      <symbol id="sm-e26">
         <name>USBDevMode</name>
         <value>0x58a3</value>
         <object_component_ref idref="oc-281"/>
      </symbol>
      <symbol id="sm-e27">
         <name>USBIntEnableEndpoint</name>
         <value>0x56ed</value>
         <object_component_ref idref="oc-289"/>
      </symbol>
      <symbol id="sm-e28">
         <name>USBEndpointDataGet</name>
         <value>0x4b15</value>
         <object_component_ref idref="oc-312"/>
      </symbol>
      <symbol id="sm-e29">
         <name>USBDevEndpointStatusClear</name>
         <value>0x4571</value>
         <object_component_ref idref="oc-316"/>
      </symbol>
      <symbol id="sm-e2a">
         <name>USBFIFOConfigSet</name>
         <value>0x4a89</value>
         <object_component_ref idref="oc-55e"/>
      </symbol>
      <symbol id="sm-e2b">
         <name>USBEndpointDataSend</name>
         <value>0x5145</value>
         <object_component_ref idref="oc-2fc"/>
      </symbol>
      <symbol id="sm-e2c">
         <name>USBIntStatusEndpoint</name>
         <value>0x5843</value>
         <object_component_ref idref="oc-1f0"/>
      </symbol>
      <symbol id="sm-e2d">
         <name>USBEndpointStatus</name>
         <value>0x5787</value>
         <object_component_ref idref="oc-306"/>
      </symbol>
      <symbol id="sm-e2e">
         <name>USBDevEndpointStall</name>
         <value>0x4ebb</value>
         <object_component_ref idref="oc-4b5"/>
      </symbol>
      <symbol id="sm-e2f">
         <name>USBDevConnect</name>
         <value>0x588f</value>
         <object_component_ref idref="oc-28e"/>
      </symbol>
      <symbol id="sm-e30">
         <name>USBDevEndpointConfigSet</name>
         <value>0x4281</value>
         <object_component_ref idref="oc-556"/>
      </symbol>
      <symbol id="sm-e31">
         <name>USBHostResume</name>
         <value>0x5697</value>
         <object_component_ref idref="oc-34e"/>
      </symbol>
      <symbol id="sm-e32">
         <name>USBIntEnableControl</name>
         <value>0x52d1</value>
         <object_component_ref idref="oc-285"/>
      </symbol>
      <symbol id="sm-e34">
         <name>__TI_static_base__</name>
         <value>0x0</value>
      </symbol>
      <symbol id="sm-e35">
         <name>__TI_args_main</name>
         <value>0x1</value>
      </symbol>
      <symbol id="sm-e36">
         <name>SHT$$INIT_ARRAY$$Limit</name>
         <value>0x0</value>
      </symbol>
      <symbol id="sm-e37">
         <name>SHT$$INIT_ARRAY$$Base</name>
         <value>0x0</value>
      </symbol>
   </symbol_table>
   <title>Link successful</title>
</link_info>
