******************************************************************************
                  TI ARM Linker PC v5.1.1                      
******************************************************************************
>> Linked Tue Sep 02 20:26:39 2014

OUTPUT FILE NAME:   <TactorSleeveLED.out>
ENTRY POINT SYMBOL: "_c_int00"  address: 000049f9


MEMORY CONFIGURATION

         name            origin    length      used     unused   attr    fill
----------------------  --------  ---------  --------  --------  ----  --------
  FLASH                 00000000   00040000  00006642  000399be  R  X
  SRAM                  20000000   00008000  00001874  0000678c  RW X


SEGMENT ALLOCATION MAP

run origin  load origin   length   init length attrs members
----------  ----------- ---------- ----------- ----- -------
00000000    00000000    000059c8   000059c8    r-x
  00000000    00000000    0000026c   0000026c    r-- .intvecs
  0000026c    0000026c    00005660   00005660    r-x .text
  000058d0    000058d0    000000f8   000000f8    r-- .cinit
00006000    00006000    00000c7e   00000c7e    r--
  00006000    00006000    00000c7e   00000c7e    r-- .const
20000000    20000000    00001878   00000000    rw-
  20000000    20000000    00000800   00000000    rw- .stack
  20000800    20000800    00000800   00000000    rw- .sysmem
  20001000    20001000    0000062c   00000000    rw- .bss
  20001630    20001630    00000248   00000000    rw- .data


SECTION ALLOCATION MAP

 output                                  attributes/
section   page    origin      length       input sections
--------  ----  ----------  ----------   ----------------
.intvecs   0    00000000    0000026c     
                  00000000    0000026c     lm4f120h5qr_startup_ccs.obj (.intvecs)

.init_array 
*          0    00000000    00000000     UNINITIALIZED

.text      0    0000026c    00005660     
                  0000026c    0000078c     main.obj (.text)
                  000009f8    000006c0     I2C_Stellaris_API.obj (.text)
                  000010b8    000004f0     uartstdio.obj (.text)
                  000015a8    000004ec     waveform.obj (.text)
                  00001a94    000003cc     rtsv7M4_T_le_v4SPD16_eabi.lib : memory.obj (.text)
                  00001e60    00000300     usb_handlers.obj (.text)
                  00002160    000002a8     rtsv7M4_T_le_v4SPD16_eabi.lib : xsin.obj (.text)
                  00002408    00000280     str2num.obj (.text)
                  00002688    000001d8     driverlib-cm4f.lib : sysctl.obj (.text:SysCtlClockGet)
                  00002860    000001b6     rtsv7M4_T_le_v4SPD16_eabi.lib : fd_add_t2.obj (.text)
                  00002a16    00000002     --HOLE-- [fill = 0]
                  00002a18    000001a4     PCA9685.obj (.text)
                  00002bbc    00000188     usblib-cm4f.lib : usbdconfig.obj (.text:USBDeviceConfig)
                  00002d44    0000016c     rtsv7M4_T_le_v4SPD16_eabi.lib : fmod.obj (.text)
                  00002eb0    00000160     usblib-cm4f.lib : usbdenum.obj (.text:USBDEP0StateTxConfig)
                  00003010    00000136     rtsv7M4_T_le_v4SPD16_eabi.lib : fd_div_t2.obj (.text)
                  00003146    00000002     --HOLE-- [fill = 0]
                  00003148    00000110                                   : xdscale.obj (.text)
                  00003258    000000fc                                   : fd_mul_t2.obj (.text)
                  00003354    000000f4     usblib-cm4f.lib : usbdenum.obj (.text:USBDCDInit)
                  00003448    000000d4                     : usbdenum.obj (.text:USBDeviceEnumHandler)
                  0000351c    000000d0                     : usbdenum.obj (.text:USBDGetDescriptor)
                  000035ec    000000c8     driverlib-cm4f.lib : gpio.obj (.text:GPIOPadConfigSet)
                  000036b4    000000c4     rtsv7M4_T_le_v4SPD16_eabi.lib : xdnorm.obj (.text)
                  00003778    000000c0     usblib-cm4f.lib : usbdcdc.obj (.text:HandleRequests)
                  00003838    000000bc                     : usbdconfig.obj (.text:USBDeviceConfigAlternate)
                  000038f4    000000b4                     : usbbuffer.obj (.text:HandleRxAvailable)
                  000039a8    000000a4                     : usbdenum.obj (.text:USBDeviceIntHandlerInternal)
                  00003a4c    000000a2                     : usbbuffer.obj (.text:ScheduleNextTransmission)
                  00003aee    0000009c     rtsv7M4_T_le_v4SPD16_eabi.lib : memcpy_t2.obj (.text)
                  00003b8a    00000002     --HOLE-- [fill = 0]
                  00003b8c    00000098     driverlib-cm4f.lib : flash.obj (.text:FlashProgram)
                  00003c24    00000094                        : sysctl.obj (.text:SysCtlPeripheralReset)
                  00003cb8    00000094     usblib-cm4f.lib : usbdcdc.obj (.text:USBDCDCCompositeInit)
                  00003d4c    00000094     rtsv7M4_T_le_v4SPD16_eabi.lib : auto_init.obj (.text)
                  00003de0    0000008e     usblib-cm4f.lib : usbdcdc.obj (.text:USBDCDCPacketRead)
                  00003e6e    0000008c                     : usbdcdc.obj (.text:SendSerialState)
                  00003efa    00000088                     : usbdcdc.obj (.text:CDCTickHandler)
                  00003f82    00000002     --HOLE-- [fill = 0]
                  00003f84    00000084                     : usbdenum.obj (.text:USBDClearFeature)
                  00004008    00000084                     : usbdenum.obj (.text:USBDSetConfiguration)
                  0000408c    00000084                     : usbdenum.obj (.text:USBDSetInterface)
                  00004110    0000007e     rtsv7M4_T_le_v4SPD16_eabi.lib : fd_cmp_t2.obj (.text:__aeabi_cdcmple)
                  0000418e    00000002     --HOLE-- [fill = 0]
                  00004190    00000078     driverlib-cm4f.lib : gpio.obj (.text:GPIOPinTypeI2CSCL)
                  00004208    00000078     usblib-cm4f.lib : usbdenum.obj (.text:USBDGetStatus)
                  00004280    00000076     driverlib-cm4f.lib : usb.obj (.text:USBDevEndpointConfigSet)
                  000042f6    00000074     usblib-cm4f.lib : usbdcdc.obj (.text:HandleDevice)
                  0000436a    0000006c                     : usbdcdc.obj (.text:ProcessDataFromHost)
                  000043d6    00000002     --HOLE-- [fill = 0]
                  000043d8    0000006c                     : usbdenum.obj (.text:USBDSetFeature)
                  00004444    00000068                     : usbdenum.obj (.text:USBDEP0StateTx)
                  000044ac    00000064     driverlib-cm4f.lib : interrupt.obj (.text:IntEnable)
                  00004510    00000060     usblib-cm4f.lib : usbbuffer.obj (.text:USBBufferEventCallback)
                  00004570    0000005e     driverlib-cm4f.lib : usb.obj (.text:USBDevEndpointStatusClear)
                  000045ce    0000005e     rtsv7M4_T_le_v4SPD16_eabi.lib : copy_decompress_rle.obj (.text)
                  0000462c    00000058     driverlib-cm4f.lib : sysctl.obj (.text:SysCtlPeripheralEnable)
                  00004684    00000058     usblib-cm4f.lib : usbdenum.obj (.text:USBDReadAndDispatchRequest)
                  000046dc    00000058                     : usbdenum.obj (.text:USBDStringIndexFromRequest)
                  00004734    00000056                     : usbdcdc.obj (.text:ProcessDataToHost)
                  0000478a    00000054                     : usbdconfig.obj (.text:GetEPDescriptorType)
                  000047de    00000050                     : usbdcdesc.obj (.text:USBDCDConfigDescGet)
                  0000482e    00000050     driverlib-cm4f.lib : usb.obj (.text:USBDevEndpointStallClear)
                  0000487e    0000004e     usblib-cm4f.lib : usbdcdesc.obj (.text:ConfigAlternateInterfaceGet)
                  000048cc    0000004e                     : usbdcdc.obj (.text:USBDCDCPacketWrite)
                  0000491a    0000004a                     : usbdcdc.obj (.text:HandleEndpoints)
                  00004964    0000004a     rtsv7M4_T_le_v4SPD16_eabi.lib : fd_tos_t2.obj (.text)
                  000049ae    00000002     --HOLE-- [fill = 0]
                  000049b0    00000048     usblib-cm4f.lib : usbdenum.obj (.text:USBDeviceResumeTickHandler)
                  000049f8    00000048     rtsv7M4_T_le_v4SPD16_eabi.lib : boot.obj (.text)
                  00004a40    00000048                                   : fd_toi_t2.obj (.text)
                  00004a88    00000046     driverlib-cm4f.lib : usb.obj (.text:USBFIFOConfigSet)
                  00004ace    00000002     --HOLE-- [fill = 0]
                  00004ad0    00000044     usblib-cm4f.lib : usbdenum.obj (.text:USBDGetInterface)
                  00004b14    00000044     driverlib-cm4f.lib : usb.obj (.text:USBEndpointDataGet)
                  00004b58    00000044     rtsv7M4_T_le_v4SPD16_eabi.lib : cpy_tbl.obj (.text)
                  00004b9c    00000044                                   : exit.obj (.text)
                  00004be0    00000044                                   : fd_tou_t2.obj (.text)
                  00004c24    00000044                                   : xdtest.obj (.text)
                  00004c68    00000042                                   : u_divt2.obj (.text)
                  00004caa    00000040     usblib-cm4f.lib : usbdcdc.obj (.text:HandleEP0Data)
                  00004cea    00000002     --HOLE-- [fill = 0]
                  00004cec    00000040     rtsv7M4_T_le_v4SPD16_eabi.lib : signal.obj (.text)
                  00004d2c    0000003e     usblib-cm4f.lib : usbdconfig.obj (.text:GetEndpointFIFOSize)
                  00004d6a    0000003a                     : usbdcdesc.obj (.text:USBDCDConfigGetInterfaceEndpoint)
                  00004da4    00000038                     : usbdcdc.obj (.text:SendBreak)
                  00004ddc    00000038                     : usbdenum.obj (.text:USBDGetConfiguration)
                  00004e14    00000038     driverlib-cm4f.lib : usb.obj (.text:USBIntStatusControl)
                  00004e4c    00000038     rtsv7M4_T_le_v4SPD16_eabi.lib : fs_tod_t2.obj (.text)
                  00004e84    00000036     usblib-cm4f.lib : usbdcdesc.obj (.text:NextConfigDescGet)
                  00004eba    00000036     driverlib-cm4f.lib : usb.obj (.text:USBDevEndpointStall)
                  00004ef0    00000036     usblib-cm4f.lib : usbringbuf.obj (.text:USBRingBufAdvanceWrite)
                  00004f26    00000002     --HOLE-- [fill = 0]
                  00004f28    00000034     driverlib-cm4f.lib : flash.obj (.text:FlashErase)
                  00004f5c    00000034     usblib-cm4f.lib : usbtick.obj (.text:InternalUSBStartOfFrameTick)
                  00004f90    00000034     rtsv7M4_T_le_v4SPD16_eabi.lib : feraiseexcept.obj (.text)
                  00004fc4    00000032     usblib-cm4f.lib : usbdenum.obj (.text:USBDeviceEnumResetHandler)
                  00004ff6    00000002     --HOLE-- [fill = 0]
                  00004ff8    00000030                     : usbtick.obj (.text:InternalUSBTickInit)
                  00005028    00000030                     : usbdcdc.obj (.text:ProcessNotificationToHost)
                  00005058    00000030                     : usbdcdc.obj (.text:USBDCDCInit)
                  00005088    00000030     driverlib-cm4f.lib : usb.obj (.text:USBEndpointDataPut)
                  000050b8    00000030     rtsv7M4_T_le_v4SPD16_eabi.lib : xferaise.obj (.text)
                  000050e8    0000002e     driverlib-cm4f.lib : gpio.obj (.text:GPIODirModeSet)
                  00005116    0000002e     usblib-cm4f.lib : usbdcdc.obj (.text:USBDCDCRxPacketAvailable)
                  00005144    0000002e     driverlib-cm4f.lib : usb.obj (.text:USBEndpointDataSend)
                  00005172    0000002e     rtsv7M4_T_le_v4SPD16_eabi.lib : i_tofd_t2.obj (.text)
                  000051a0    0000002e                                   : raise.obj (.text)
                  000051ce    00000002     --HOLE-- [fill = 0]
                  000051d0    0000002c     usblib-cm4f.lib : usbtick.obj (.text:InternalUSBRegisterTickHandler)
                  000051fc    0000002c                     : usbbuffer.obj (.text:USBBufferWrite)
                  00005228    0000002c                     : usbdcdesc.obj (.text:USBDCDConfigDescGetNum)
                  00005254    0000002c                     : usbdesc.obj (.text:USBDescGet)
                  00005280    00000028                     : usbdcdc.obj (.text:HandleConfigChange)
                  000052a8    00000028                     : usbdesc.obj (.text:USBDescGetNum)
                  000052d0    00000028     driverlib-cm4f.lib : usb.obj (.text:USBIntEnableControl)
                  000052f8    00000028     usblib-cm4f.lib : usbringbuf.obj (.text:UpdateIndexAtomic)
                  00005320    00000024                     : usbbuffer.obj (.text:HandleRequestBuffer)
                  00005344    00000024                     : usbdcdc.obj (.text:SendLineCodingChange)
                  00005368    00000024                     : usbbuffer.obj (.text:USBBufferRead)
                  0000538c    00000024                     : usbdenum.obj (.text:USBDSetAddress)
                  000053b0    00000024     driverlib-cm4f.lib : usb.obj (.text:USBDevEndpointDataAck)
                  000053d4    00000022     usblib-cm4f.lib : usbdcdc.obj (.text:SendLineStateChange)
                  000053f6    00000020                     : usbdcdc.obj (.text:HandleDisconnect)
                  00005416    00000002     --HOLE-- [fill = 0]
                  00005418    00000020                     : usbmode.obj (.text:USBStackModeSet)
                  00005438    00000020     rtsv7M4_T_le_v4SPD16_eabi.lib : u_tofd_t2.obj (.text)
                  00005458    0000001e     usblib-cm4f.lib : usbdcdc.obj (.text:CheckAndSendBreak)
                  00005476    0000001e                     : usbbuffer.obj (.text:HandleDataRemaining)
                  00005494    0000001e     driverlib-cm4f.lib : usb.obj (.text:USBEndpointDataAvail)
                  000054b2    0000001e     usblib-cm4f.lib : usbringbuf.obj (.text:USBRingBufAdvanceRead)
                  000054d0    0000001c                     : usbdcdc.obj (.text:SetDeferredOpFlag)
                  000054ec    0000001c                     : usbdcdesc.obj (.text:USBDCDConfigGetInterface)
                  00005508    0000001c                     : usbdenum.obj (.text:USBDCDStallEP0)
                  00005524    0000001c                     : usbringbuf.obj (.text:USBRingBufContigFree)
                  00005540    0000001a                     : usbdcdc.obj (.text:DeviceConsumedAllData)
                  0000555a    0000001a                     : usbringbuf.obj (.text:USBRingBufRead)
                  00005574    0000001a                     : usbringbuf.obj (.text:USBRingBufReadOne)
                  0000558e    0000001a                     : usbringbuf.obj (.text:USBRingBufWrite)
                  000055a8    0000001a     rtsv7M4_T_le_v4SPD16_eabi.lib : cos.obj (.text)
                  000055c2    0000001a                                   : sin.obj (.text)
                  000055dc    00000018     usblib-cm4f.lib : usbdhandler.obj (.text:USB0DeviceIntHandler)
                  000055f4    00000018                     : usbdcdesc.obj (.text:USBDCDConfigDescGetSize)
                  0000560c    00000018                     : usbdenum.obj (.text:USBDSetDescriptor)
                  00005624    00000018                     : usbdenum.obj (.text:USBDSyncFrame)
                  0000563c    00000018     rtsv7M4_T_le_v4SPD16_eabi.lib : args_main.obj (.text)
                  00005654    00000016     usblib-cm4f.lib : usbdcdc.obj (.text:CheckAndSendLineCodingChange)
                  0000566a    00000016                     : usbdcdc.obj (.text:CheckAndSendLineStateChange)
                  00005680    00000016                     : usbbuffer.obj (.text:USBBufferInit)
                  00005696    00000016     driverlib-cm4f.lib : usb.obj (.text:USBHostResume)
                  000056ac    00000016                        : usb.obj (.text:USBIndexWrite)
                  000056c2    00000016     usblib-cm4f.lib : usbringbuf.obj (.text:USBRingBufUsed)
                  000056d8    00000014                     : usbdenum.obj (.text:USBDCDRequestDataEP0)
                  000056ec    00000014     driverlib-cm4f.lib : usb.obj (.text:USBIntEnableEndpoint)
                  00005700    00000014     usblib-cm4f.lib : usbringbuf.obj (.text:USBRingBufContigUsed)
                  00005714    00000014                     : usbringbuf.obj (.text:USBRingBufFlush)
                  00005728    00000014     rtsv7M4_T_le_v4SPD16_eabi.lib : _lock.obj (.text)
                  0000573c    00000014                                   : strlen.obj (.text)
                  00005750    00000012     usblib-cm4f.lib : usbdcdc.obj (.text:HandleResume)
                  00005762    00000012                     : usbdcdc.obj (.text:HandleSuspend)
                  00005774    00000012                     : usbbuffer.obj (.text:HandleTxComplete)
                  00005786    00000012     driverlib-cm4f.lib : usb.obj (.text:USBEndpointStatus)
                  00005798    00000012     usblib-cm4f.lib : usbringbuf.obj (.text:USBRingBufFree)
                  000057aa    00000012                     : usbringbuf.obj (.text:USBRingBufWriteOne)
                  000057bc    00000012     rtsv7M4_T_le_v4SPD16_eabi.lib : copy_zero_init.obj (.text:decompress:ZI)
                  000057ce    00000002     --HOLE-- [fill = 0]
                  000057d0    00000010     driverlib-cm4f.lib : sysctl.obj (.text:SysCtlUSBPLLEnable)
                  000057e0    00000010     usblib-cm4f.lib : usbdcdc.obj (.text:USBDCDCTxPacketAvailable)
                  000057f0    00000010                     : usbdenum.obj (.text:USBDCDSendDataEP0)
                  00005800    00000010     rtsv7M4_T_le_v4SPD16_eabi.lib : strcpy.obj (.text)
                  00005810    0000000e                                   : copy_decompress_none.obj (.text:decompress:none)
                  0000581e    0000000c     driverlib-cm4f.lib : cpu.obj (.text:CPUcpsid)
                  0000582a    0000000c                        : cpu.obj (.text:CPUcpsie)
                  00005836    0000000c                        : timer.obj (.text:TimerValueGet)
                  00005842    0000000c                        : usb.obj (.text:USBIntStatusEndpoint)
                  0000584e    0000000c     usblib-cm4f.lib : usbringbuf.obj (.text:USBRingBufInit)
                  0000585a    0000000c     lm4f120h5qr_startup_ccs.obj (.text)
                  00005866    0000000a     driverlib-cm4f.lib : gpio.obj (.text:GPIOPinRead)
                  00005870    0000000a                        : gpio.obj (.text:GPIOPinWrite)
                  0000587a    0000000a                        : interrupt.obj (.text:IntMasterDisable)
                  00005884    0000000a                        : interrupt.obj (.text:IntMasterEnable)
                  0000588e    0000000a                        : usb.obj (.text:USBDevConnect)
                  00005898    0000000a                        : usb.obj (.text:USBDevDisconnect)
                  000058a2    00000008                        : usb.obj (.text:USBDevMode)
                  000058aa    00000008                        : usb.obj (.text:USBOTGMode)
                  000058b2    00000006                        : sysctl.obj (.text:SysCtlDelay)
                  000058b8    00000006     usblib-cm4f.lib : usbbuffer.obj (.text:USBBufferFlush)
                  000058be    00000006     rtsv7M4_T_le_v4SPD16_eabi.lib : copy_decompress_rle.obj (.text:decompress:rle24)
                  000058c4    00000004     driverlib-cm4f.lib : i2c.obj (.text:I2CMasterDataGet)
                  000058c8    00000004                        : usb.obj (.text:USBDevAddrSet)

.cinit     0    000058d0    000000f8     
                  000058d0    000000d2     (.cinit..data.load) [load image, compression = rle]
                  000059a2    00000002     --HOLE-- [fill = 0]
                  000059a4    0000000c     (__TI_handler_table)
                  000059b0    00000008     (.cinit..bss.load) [load image, compression = zero_init]
                  000059b8    00000010     (__TI_cinit_table)

.const     0    00006000    00000c7e     
                  00006000    00000800     waveform.obj (.const:.string:flashBlock)
                  00006800    00000080     rtsv7M4_T_le_v4SPD16_eabi.lib : xsin.obj (.const)
                  00006880    00000078     usblib-cm4f.lib : usbdenum.obj (.const:g_sUSBDefaultFIFOConfig)
                  000068f8    00000070     driverlib-cm4f.lib : interrupt.obj (.const)
                  00006968    0000006c                        : sysctl.obj (.const:g_pulXtals)
                  000069d4    00000050     usblib-cm4f.lib : usbdcdc.obj (.const)
                  00006a24    00000040     PCA9685.obj (.const:PCA9685_DELAY)
                  00006a64    00000040     driverlib-cm4f.lib : sysctl.obj (.const)
                  00006aa4    00000036     usb_structs.obj (.const:.string:g_pConfigString)
                  00006ada    00000002     --HOLE-- [fill = 0]
                  00006adc    00000034     usblib-cm4f.lib : usbdenum.obj (.const:g_psUSBDStdRequests)
                  00006b10    0000002c     usb_structs.obj (.const:.string:g_pControlInterfaceString)
                  00006b3c    0000002c     usb_structs.obj (.const:g_sCDCDevice)
                  00006b68    00000026     usb_structs.obj (.const:.string:g_pManufacturerString)
                  00006b8e    00000024     usb_structs.obj (.const:.string:g_pProductString)
                  00006bb2    00000002     --HOLE-- [fill = 0]
                  00006bb4    00000024     usb_structs.obj (.const:g_sRxBuffer)
                  00006bd8    00000024     usb_structs.obj (.const:g_sTxBuffer)
                  00006bfc    00000023     usblib-cm4f.lib : usbdcdc.obj (.const:g_pCDCSerCommInterface)
                  00006c1f    00000001     --HOLE-- [fill = 0]
                  00006c20    0000001c     uartstdio.obj (.const)
                  00006c3c    00000018     usb_structs.obj (.const)
                  00006c54    00000016     usb_structs.obj (.const:.string)
                  00006c6a    00000002     --HOLE-- [fill = 0]
                  00006c6c    00000012     uartstdio.obj (.const:.string)

.stack     0    20000000    00000800     UNINITIALIZED
                  20000000    00000800     --HOLE--

.sysmem    0    20000800    00000800     UNINITIALIZED
                  20000800    00000008     rtsv7M4_T_le_v4SPD16_eabi.lib : memory.obj (.sysmem)
                  20000808    000007f8     --HOLE--

.bss       0    20001000    0000062c     UNINITIALIZED
                  20001000    00000180     waveform.obj (.bss:waveforms)
                  20001180    00000100     usb_structs.obj (.bss:g_pcUSBRxBuffer)
                  20001280    00000100     usb_structs.obj (.bss:g_pcUSBTxBuffer)
                  20001380    00000100     waveform.obj (.bss:motors)
                  20001480    00000054     usblib-cm4f.lib : usbdenum.obj (.bss:g_psUSBDevice)
                  200014d4    00000040     waveform.obj (.bss:dutyCycles)
                  20001514    00000040     usblib-cm4f.lib : usbdenum.obj (.bss:g_pucDataBufferIn)
                  20001554    00000030                     : usbtick.obj (.bss)
                  20001584    0000002c     usb_structs.obj (.bss:g_sCDCInstance)
                  200015b0    00000028     usb_handlers.obj (.bss:g_strParams)
                  200015d8    00000018     (.common:g_pucRxBufferWorkspace)
                  200015f0    00000018     (.common:g_pucTxBufferWorkspace)
                  20001608    00000014     (.common:g_strAssembler)
                  2000161c    0000000c     usblib-cm4f.lib : usbmode.obj (.bss)
                  20001628    00000004     (.common:g_strFuncName)

.data      0    20001630    00000248     UNINITIALIZED
                  20001630    000000b0     rtsv7M4_T_le_v4SPD16_eabi.lib : signal.obj (.data:sigtable)
                  200016e0    00000080                                   : xvalues.obj (.data)
                  20001760    0000004c     usblib-cm4f.lib : usbdcdc.obj (.data:g_sCDCSerDeviceInfo)
                  200017ac    00000040                     : usbdcdc.obj (.data)
                  200017ec    00000029     main.obj (.data)
                  20001815    00000003     --HOLE--
                  20001818    00000010     usb_handlers.obj (.data)
                  20001828    0000000c     rtsv7M4_T_le_v4SPD16_eabi.lib : memory.obj (.data)
                  20001834    0000000c     usblib-cm4f.lib : usbtick.obj (.data)
                  20001840    00000009                     : usbmode.obj (.data)
                  20001849    00000003     --HOLE--
                  2000184c    00000008     rtsv7M4_T_le_v4SPD16_eabi.lib : _lock.obj (.data)
                  20001854    00000008                                   : exit.obj (.data)
                  2000185c    00000008                                   : feraiseexcept.obj (.data)
                  20001864    00000005     uartstdio.obj (.data)
                  20001869    00000003     --HOLE--
                  2000186c    00000004     rtsv7M4_T_le_v4SPD16_eabi.lib : errno.obj (.data)
                  20001870    00000004                                   : stkdepth_vars.obj (.data)
                  20001874    00000004     usblib-cm4f.lib : usbdenum.obj (.data)


LINKER GENERATED COPY TABLES

__TI_cinit_table @ 000059b8 records: 2, size/record: 8, table size: 16
	.data: load addr=000058d0, load size=000000d2 bytes, run addr=20001630, run size=00000248 bytes, compression=rle
	.bss: load addr=000059b0, load size=00000008 bytes, run addr=20001000, run size=0000062c bytes, compression=zero_init


LINKER GENERATED HANDLER TABLE

__TI_handler_table @ 000059a4 records: 3, size/record: 4, table size: 12
	index: 0, handler: __TI_decompress_rle24
	index: 1, handler: __TI_decompress_none
	index: 2, handler: __TI_zero_init


GLOBAL SYMBOLS: SORTED ALPHABETICALLY BY Name 

address    name
--------   ----
00004b9d   C$$EXIT
0000581f   CPUcpsid
0000582b   CPUcpsie
00001e85   ControlHandler
00004f29   FlashErase
00003b8d   FlashProgram
000050e9   GPIODirModeSet
000035ed   GPIOPadConfigSet
000006b9   GPIOPinNumber
00005867   GPIOPinRead
00004191   GPIOPinTypeI2CSCL
00005871   GPIOPinWrite
00000645   GPIOPortNumber
00001e61   GetLineCoding
00000fb1   I2CBusScan
000009d3   I2CIntHandler
000058c5   I2CMasterDataGet
00000dad   I2CReadData
00000ba7   I2CRegRead
00000c6d   I2CRegWrite
000009f9   I2CSetup
00000eb5   I2CWriteData
000044ad   IntEnable
0000587b   IntMasterDisable
00005885   IntMasterEnable
000051d1   InternalUSBRegisterTickHandler
00004f5d   InternalUSBStartOfFrameTick
00004ff9   InternalUSBTickInit
00006a24   PCA9685_DELAY
00002aaf   PCA9685_init
00002a79   PCA9685_readDATA
00002a61   PCA9685_readREG
00002aa1   PCA9685_reset
00002afd   PCA9685_setDutyCycle
00002a39   PCA9685_writeDATA
00002a19   PCA9685_writeREG
0000436b   ProcessDataFromHost
00004735   ProcessDataToHost
00005029   ProcessNotificationToHost
0000585b   ResetISR
00001f23   RxHandler
UNDEFED    SHT$$INIT_ARRAY$$Base
UNDEFED    SHT$$INIT_ARRAY$$Limit
0000095d   SineTimerIntHandler
00002689   SysCtlClockGet
000058b3   SysCtlDelay
0000462d   SysCtlPeripheralEnable
00003c25   SysCtlPeripheralReset
000057d1   SysCtlUSBPLLEnable
0000094b   SysTickIntHandler
00005837   TimerValueGet
00001eff   TxHandler
000010b9   UARTStdioConfig
00001119   UARTStdioInit
00001133   UARTStdioInitExpClk
00001263   UARTgetc
0000119f   UARTgets
00001299   UARTprintf
0000114d   UARTwrite
000055dd   USB0DeviceIntHandler
00004511   USBBufferEventCallback
000058b9   USBBufferFlush
00005681   USBBufferInit
00005369   USBBufferRead
000051fd   USBBufferWrite
00003cb9   USBDCDCCompositeInit
00005059   USBDCDCInit
00003de1   USBDCDCPacketRead
000048cd   USBDCDCPacketWrite
00005117   USBDCDCRxPacketAvailable
000057e1   USBDCDCTxPacketAvailable
000047df   USBDCDConfigDescGet
00005229   USBDCDConfigDescGetNum
000055f5   USBDCDConfigDescGetSize
000054ed   USBDCDConfigGetInterface
00004d6b   USBDCDConfigGetInterfaceEndpoint
00003355   USBDCDInit
000056d9   USBDCDRequestDataEP0
000057f1   USBDCDSendDataEP0
00005509   USBDCDStallEP0
00005255   USBDescGet
000052a9   USBDescGetNum
000058c9   USBDevAddrSet
0000588f   USBDevConnect
00005899   USBDevDisconnect
00004281   USBDevEndpointConfigSet
000053b1   USBDevEndpointDataAck
00004ebb   USBDevEndpointStall
0000482f   USBDevEndpointStallClear
00004571   USBDevEndpointStatusClear
000058a3   USBDevMode
00002bbd   USBDeviceConfig
00003839   USBDeviceConfigAlternate
00003449   USBDeviceEnumHandler
00004fc5   USBDeviceEnumResetHandler
000039a9   USBDeviceIntHandlerInternal
000049b1   USBDeviceResumeTickHandler
00005495   USBEndpointDataAvail
00004b15   USBEndpointDataGet
00005089   USBEndpointDataPut
00005145   USBEndpointDataSend
00005787   USBEndpointStatus
00004a89   USBFIFOConfigSet
00005697   USBHostResume
000052d1   USBIntEnableControl
000056ed   USBIntEnableEndpoint
00004e15   USBIntStatusControl
00005843   USBIntStatusEndpoint
000058ab   USBOTGMode
000054b3   USBRingBufAdvanceRead
00004ef1   USBRingBufAdvanceWrite
00005525   USBRingBufContigFree
00005701   USBRingBufContigUsed
00005715   USBRingBufFlush
00005799   USBRingBufFree
0000584f   USBRingBufInit
0000555b   USBRingBufRead
00005575   USBRingBufReadOne
000056c3   USBRingBufUsed
0000558f   USBRingBufWrite
000057ab   USBRingBufWriteOne
000005a9   USBSendPacket
000020fd   USBSetReceiveMode
00005419   USBStackModeSet
200016e0   _Denorm
000036b5   _Dnorm
00003149   _Dscale
00004c25   _Dtest
200016f0   _Eps
2000186c   _Errno
2000185c   _Fenv
000050b9   _Feraise
20001700   _Hugeval
20001710   _Inf
20001720   _Nan
20001740   _Rteps
00002161   _Sin
20001730   _Snan
20001860   _Tls_setup__Fenv
20001750   _Xbig
20001758   _Zero
20000800   __STACK_END
00000800   __STACK_SIZE
20000200   __STACK_TOP
00000800   __SYSMEM_SIZE
000059b8   __TI_CINIT_Base
000059c8   __TI_CINIT_Limit
000059a4   __TI_Handler_Table_Base
000059b0   __TI_Handler_Table_Limit
00000001   __TI_args_main
00003d4d   __TI_auto_init
20001854   __TI_cleanup_ptr
00005811   __TI_decompress_none
000058bf   __TI_decompress_rle24
20001858   __TI_dtors_ptr
00000000   __TI_static_base__
000057bd   __TI_zero_init
00004111   __aeabi_cdcmpeq
00004111   __aeabi_cdcmple
00004965   __aeabi_d2f
00004a41   __aeabi_d2iz
00004be1   __aeabi_d2uiz
0000286b   __aeabi_dadd
00003011   __aeabi_ddiv
00003259   __aeabi_dmul
00002861   __aeabi_dsub
00004e4d   __aeabi_f2d
00005173   __aeabi_i2d
00003aef   __aeabi_memcpy
00003aef   __aeabi_memcpy4
00003aef   __aeabi_memcpy8
00005439   __aeabi_ui2d
00004c69   __aeabi_uidivmod
ffffffff   __binit__
ffffffff   __c_args__
20000000   __stack
0000563d   _args_main
000049f9   _c_int00
2000184c   _lock
00005737   _nop
0000572f   _register_lock
00005729   _register_unlock
20000800   _sys_memory
20001850   _unlock
00004ba1   abort
ffffffff   binit
00001737   calcEnvelope
00001e29   calloc
00004b59   copy_in
000055a9   cos
200014d4   dutyCycles
00004ba9   exit
00004f91   feraiseexcept
00006000   flashBlock
0000049b   flashLED
00002d45   fmod
00001b83   free
20001814   g_bUSBConfigured
20001834   g_bUSBTimerInitialized
20001620   g_eOTGModeState
20001840   g_eUSBMode
00006a20   g_pCDCCompSerConfigDescriptors
00006bfc   g_pCDCSerCommInterface
00006a1c   g_pCDCSerConfigDescriptors
000069ec   g_pCDCSerDataInterface
200017be   g_pCDCSerDescriptor
200017ac   g_pCDCSerDeviceDescriptor
00006aa4   g_pConfigString
00006b10   g_pControlInterfaceString
200017c7   g_pIADSerDescriptor
00006c54   g_pLangDescriptor
00006b68   g_pManufacturerString
00006b8e   g_pProductString
00006c58   g_pSerialNumberString
00006c3c   g_pStringDescriptors
20001180   g_pcUSBRxBuffer
20001280   g_pcUSBTxBuffer
20001554   g_pfTickHandlers
00000000   g_pfnVectors
200017dc   g_psCDCCompSerSections
200017d0   g_psCDCSerSections
20001480   g_psUSBDevice
200015d8   g_pucRxBufferWorkspace
200015f0   g_pucTxBufferWorkspace
2000156c   g_pvTickInstance
00006a14   g_sCDCCompSerConfigHeader
00006b3c   g_sCDCDevice
20001584   g_sCDCInstance
000069e4   g_sCDCSerCommInterfaceSection
00006a0c   g_sCDCSerConfigHeader
000069d4   g_sCDCSerConfigSection
00006a04   g_sCDCSerDataInterfaceSection
20001760   g_sCDCSerDeviceInfo
000069dc   g_sIADSerConfigSection
00006bb4   g_sRxBuffer
00006bd8   g_sTxBuffer
00006880   g_sUSBDefaultFIFOConfig
200017fc   g_sineIntCount
200017f8   g_sineTimerMS
200017f4   g_sineTimerVal
20001608   g_strAssembler
20001628   g_strFuncName
200015b0   g_strParams
20001800   g_sysClk
20001804   g_timerLoadVal
20001818   g_ucReadMode
2000181c   g_ulCharIndex
20001838   g_ulCurrentUSBTick
20001820   g_ulParamIndex
2000161c   g_ulPollRate
20001824   g_ulReceiveMode
200017f0   g_ulSampleFreq
20001808   g_ulSysTickCount
20001810   g_ulUSBRxCount
2000183c   g_ulUSBSOFCount
2000180c   g_ulUSBTxCount
20001844   g_ulWaitTicks
200017ec   g_unsavedWaveform
00001711   getWaveform
0000044b   init
0000043d   initI2C
00000361   initLED
00000391   initSW
000002a5   initSineTimer
0000040f   initSysTick
000003cd   initUART
00000317   initUSB
000015d9   initWaveform
000004dd   main
20001870   main_func_sp
00001b21   malloc
00001d49   memalign
00003aef   memcpy
00001a95   minit
20001380   motors
00000761   parseUSB
000051a1   raise
00001c43   realloc
00001601   runMotor
00001671   setWaveform
00004ced   signal
000055c3   sin
0000026d   sineTimerLoad
00001655   slotFull
0000187d   stepWaveform
0000163b   stopMotor
000024e7   str2dbl
00002409   str2ul
00005801   strcpy
0000573d   strlen
000015c7   waveformFlashLoad
000015a9   waveformFlashSave
20001000   waveforms


GLOBAL SYMBOLS: SORTED BY Symbol Address 

address    name
--------   ----
00000000   __TI_static_base__
00000000   g_pfnVectors
00000001   __TI_args_main
0000026d   sineTimerLoad
000002a5   initSineTimer
00000317   initUSB
00000361   initLED
00000391   initSW
000003cd   initUART
0000040f   initSysTick
0000043d   initI2C
0000044b   init
0000049b   flashLED
000004dd   main
000005a9   USBSendPacket
00000645   GPIOPortNumber
000006b9   GPIOPinNumber
00000761   parseUSB
00000800   __STACK_SIZE
00000800   __SYSMEM_SIZE
0000094b   SysTickIntHandler
0000095d   SineTimerIntHandler
000009d3   I2CIntHandler
000009f9   I2CSetup
00000ba7   I2CRegRead
00000c6d   I2CRegWrite
00000dad   I2CReadData
00000eb5   I2CWriteData
00000fb1   I2CBusScan
000010b9   UARTStdioConfig
00001119   UARTStdioInit
00001133   UARTStdioInitExpClk
0000114d   UARTwrite
0000119f   UARTgets
00001263   UARTgetc
00001299   UARTprintf
000015a9   waveformFlashSave
000015c7   waveformFlashLoad
000015d9   initWaveform
00001601   runMotor
0000163b   stopMotor
00001655   slotFull
00001671   setWaveform
00001711   getWaveform
00001737   calcEnvelope
0000187d   stepWaveform
00001a95   minit
00001b21   malloc
00001b83   free
00001c43   realloc
00001d49   memalign
00001e29   calloc
00001e61   GetLineCoding
00001e85   ControlHandler
00001eff   TxHandler
00001f23   RxHandler
000020fd   USBSetReceiveMode
00002161   _Sin
00002409   str2ul
000024e7   str2dbl
00002689   SysCtlClockGet
00002861   __aeabi_dsub
0000286b   __aeabi_dadd
00002a19   PCA9685_writeREG
00002a39   PCA9685_writeDATA
00002a61   PCA9685_readREG
00002a79   PCA9685_readDATA
00002aa1   PCA9685_reset
00002aaf   PCA9685_init
00002afd   PCA9685_setDutyCycle
00002bbd   USBDeviceConfig
00002d45   fmod
00003011   __aeabi_ddiv
00003149   _Dscale
00003259   __aeabi_dmul
00003355   USBDCDInit
00003449   USBDeviceEnumHandler
000035ed   GPIOPadConfigSet
000036b5   _Dnorm
00003839   USBDeviceConfigAlternate
000039a9   USBDeviceIntHandlerInternal
00003aef   __aeabi_memcpy
00003aef   __aeabi_memcpy4
00003aef   __aeabi_memcpy8
00003aef   memcpy
00003b8d   FlashProgram
00003c25   SysCtlPeripheralReset
00003cb9   USBDCDCCompositeInit
00003d4d   __TI_auto_init
00003de1   USBDCDCPacketRead
00004111   __aeabi_cdcmpeq
00004111   __aeabi_cdcmple
00004191   GPIOPinTypeI2CSCL
00004281   USBDevEndpointConfigSet
0000436b   ProcessDataFromHost
000044ad   IntEnable
00004511   USBBufferEventCallback
00004571   USBDevEndpointStatusClear
0000462d   SysCtlPeripheralEnable
00004735   ProcessDataToHost
000047df   USBDCDConfigDescGet
0000482f   USBDevEndpointStallClear
000048cd   USBDCDCPacketWrite
00004965   __aeabi_d2f
000049b1   USBDeviceResumeTickHandler
000049f9   _c_int00
00004a41   __aeabi_d2iz
00004a89   USBFIFOConfigSet
00004b15   USBEndpointDataGet
00004b59   copy_in
00004b9d   C$$EXIT
00004ba1   abort
00004ba9   exit
00004be1   __aeabi_d2uiz
00004c25   _Dtest
00004c69   __aeabi_uidivmod
00004ced   signal
00004d6b   USBDCDConfigGetInterfaceEndpoint
00004e15   USBIntStatusControl
00004e4d   __aeabi_f2d
00004ebb   USBDevEndpointStall
00004ef1   USBRingBufAdvanceWrite
00004f29   FlashErase
00004f5d   InternalUSBStartOfFrameTick
00004f91   feraiseexcept
00004fc5   USBDeviceEnumResetHandler
00004ff9   InternalUSBTickInit
00005029   ProcessNotificationToHost
00005059   USBDCDCInit
00005089   USBEndpointDataPut
000050b9   _Feraise
000050e9   GPIODirModeSet
00005117   USBDCDCRxPacketAvailable
00005145   USBEndpointDataSend
00005173   __aeabi_i2d
000051a1   raise
000051d1   InternalUSBRegisterTickHandler
000051fd   USBBufferWrite
00005229   USBDCDConfigDescGetNum
00005255   USBDescGet
000052a9   USBDescGetNum
000052d1   USBIntEnableControl
00005369   USBBufferRead
000053b1   USBDevEndpointDataAck
00005419   USBStackModeSet
00005439   __aeabi_ui2d
00005495   USBEndpointDataAvail
000054b3   USBRingBufAdvanceRead
000054ed   USBDCDConfigGetInterface
00005509   USBDCDStallEP0
00005525   USBRingBufContigFree
0000555b   USBRingBufRead
00005575   USBRingBufReadOne
0000558f   USBRingBufWrite
000055a9   cos
000055c3   sin
000055dd   USB0DeviceIntHandler
000055f5   USBDCDConfigDescGetSize
0000563d   _args_main
00005681   USBBufferInit
00005697   USBHostResume
000056c3   USBRingBufUsed
000056d9   USBDCDRequestDataEP0
000056ed   USBIntEnableEndpoint
00005701   USBRingBufContigUsed
00005715   USBRingBufFlush
00005729   _register_unlock
0000572f   _register_lock
00005737   _nop
0000573d   strlen
00005787   USBEndpointStatus
00005799   USBRingBufFree
000057ab   USBRingBufWriteOne
000057bd   __TI_zero_init
000057d1   SysCtlUSBPLLEnable
000057e1   USBDCDCTxPacketAvailable
000057f1   USBDCDSendDataEP0
00005801   strcpy
00005811   __TI_decompress_none
0000581f   CPUcpsid
0000582b   CPUcpsie
00005837   TimerValueGet
00005843   USBIntStatusEndpoint
0000584f   USBRingBufInit
0000585b   ResetISR
00005867   GPIOPinRead
00005871   GPIOPinWrite
0000587b   IntMasterDisable
00005885   IntMasterEnable
0000588f   USBDevConnect
00005899   USBDevDisconnect
000058a3   USBDevMode
000058ab   USBOTGMode
000058b3   SysCtlDelay
000058b9   USBBufferFlush
000058bf   __TI_decompress_rle24
000058c5   I2CMasterDataGet
000058c9   USBDevAddrSet
000059a4   __TI_Handler_Table_Base
000059b0   __TI_Handler_Table_Limit
000059b8   __TI_CINIT_Base
000059c8   __TI_CINIT_Limit
00006000   flashBlock
00006880   g_sUSBDefaultFIFOConfig
000069d4   g_sCDCSerConfigSection
000069dc   g_sIADSerConfigSection
000069e4   g_sCDCSerCommInterfaceSection
000069ec   g_pCDCSerDataInterface
00006a04   g_sCDCSerDataInterfaceSection
00006a0c   g_sCDCSerConfigHeader
00006a14   g_sCDCCompSerConfigHeader
00006a1c   g_pCDCSerConfigDescriptors
00006a20   g_pCDCCompSerConfigDescriptors
00006a24   PCA9685_DELAY
00006aa4   g_pConfigString
00006b10   g_pControlInterfaceString
00006b3c   g_sCDCDevice
00006b68   g_pManufacturerString
00006b8e   g_pProductString
00006bb4   g_sRxBuffer
00006bd8   g_sTxBuffer
00006bfc   g_pCDCSerCommInterface
00006c3c   g_pStringDescriptors
00006c54   g_pLangDescriptor
00006c58   g_pSerialNumberString
20000000   __stack
20000200   __STACK_TOP
20000800   __STACK_END
20000800   _sys_memory
20001000   waveforms
20001180   g_pcUSBRxBuffer
20001280   g_pcUSBTxBuffer
20001380   motors
20001480   g_psUSBDevice
200014d4   dutyCycles
20001554   g_pfTickHandlers
2000156c   g_pvTickInstance
20001584   g_sCDCInstance
200015b0   g_strParams
200015d8   g_pucRxBufferWorkspace
200015f0   g_pucTxBufferWorkspace
20001608   g_strAssembler
2000161c   g_ulPollRate
20001620   g_eOTGModeState
20001628   g_strFuncName
200016e0   _Denorm
200016f0   _Eps
20001700   _Hugeval
20001710   _Inf
20001720   _Nan
20001730   _Snan
20001740   _Rteps
20001750   _Xbig
20001758   _Zero
20001760   g_sCDCSerDeviceInfo
200017ac   g_pCDCSerDeviceDescriptor
200017be   g_pCDCSerDescriptor
200017c7   g_pIADSerDescriptor
200017d0   g_psCDCSerSections
200017dc   g_psCDCCompSerSections
200017ec   g_unsavedWaveform
200017f0   g_ulSampleFreq
200017f4   g_sineTimerVal
200017f8   g_sineTimerMS
200017fc   g_sineIntCount
20001800   g_sysClk
20001804   g_timerLoadVal
20001808   g_ulSysTickCount
2000180c   g_ulUSBTxCount
20001810   g_ulUSBRxCount
20001814   g_bUSBConfigured
20001818   g_ucReadMode
2000181c   g_ulCharIndex
20001820   g_ulParamIndex
20001824   g_ulReceiveMode
20001834   g_bUSBTimerInitialized
20001838   g_ulCurrentUSBTick
2000183c   g_ulUSBSOFCount
20001840   g_eUSBMode
20001844   g_ulWaitTicks
2000184c   _lock
20001850   _unlock
20001854   __TI_cleanup_ptr
20001858   __TI_dtors_ptr
2000185c   _Fenv
20001860   _Tls_setup__Fenv
2000186c   _Errno
20001870   main_func_sp
ffffffff   __binit__
ffffffff   __c_args__
ffffffff   binit
UNDEFED    SHT$$INIT_ARRAY$$Base
UNDEFED    SHT$$INIT_ARRAY$$Limit

[293 symbols]
