******************************************************************************
                  TI ARM Linker PC v5.1.1                      
******************************************************************************
>> Linked Mon Nov 03 21:44:34 2014

OUTPUT FILE NAME:   <TactorSleeveLED.out>
ENTRY POINT SYMBOL: "_c_int00"  address: 00005f99


MEMORY CONFIGURATION

         name            origin    length      used     unused   attr    fill
----------------------  --------  ---------  --------  --------  ----  --------
  FLASH                 00000000   00040000  00007d34  000382cc  R  X
  SRAM                  20000000   00008000  00001b28  000064d8  RW X


SEGMENT ALLOCATION MAP

run origin  load origin   length   init length attrs members
----------  ----------- ---------- ----------- ----- -------
00000000    00000000    00006fb0   00006fb0    r-x
  00000000    00000000    0000026c   0000026c    r-- .intvecs
  0000026c    0000026c    00006c4a   00006c4a    r-x .text
  00006eb8    00006eb8    000000f8   000000f8    r-- .cinit
00007000    00007000    00000d86   00000d86    r--
  00007000    00007000    00000d86   00000d86    r-- .const
20000000    20000000    00001b28   00000000    rw-
  20000000    20000000    000008e0   00000000    rw- .bss
  200008e0    200008e0    00000800   00000000    rw- .stack
  200010e0    200010e0    00000800   00000000    rw- .sysmem
  200018e0    200018e0    00000248   00000000    rw- .data


SECTION ALLOCATION MAP

 output                                  attributes/
section   page    origin      length       input sections
--------  ----  ----------  ----------   ----------------
.intvecs   0    00000000    0000026c     
                  00000000    0000026c     lm4f120h5qr_startup_ccs.obj (.intvecs)

.init_array 
*          0    00000000    00000000     UNINITIALIZED

.text      0    0000026c    00006c4a     
                  0000026c    00000e8c     rtsv7M4_T_le_v4SPD16_eabi.lib : _printfi.obj (.text)
                  000010f8    00000710     main.obj (.text)
                  00001808    000006c0     I2C_Stellaris_API.obj (.text)
                  00001ec8    00000618     waveform.obj (.text)
                  000024e0    00000574     usb_handlers.obj (.text)
                  00002a54    000004f0     uartstdio.obj (.text)
                  00002f44    000003cc     rtsv7M4_T_le_v4SPD16_eabi.lib : memory.obj (.text)
                  00003310    000002a8                                   : xsin.obj (.text)
                  000035b8    00000280     str2num.obj (.text)
                  00003838    000001f4     rtsv7M4_T_le_v4SPD16_eabi.lib : ull_div_t2.obj (.text)
                  00003a2c    000001d8     driverlib-cm4f.lib : sysctl.obj (.text:SysCtlClockGet)
                  00003c04    000001b6     rtsv7M4_T_le_v4SPD16_eabi.lib : fd_add_t2.obj (.text)
                  00003dba    00000002     --HOLE-- [fill = 0]
                  00003dbc    000001a4     PCA9685.obj (.text)
                  00003f60    00000188     usblib-cm4f.lib : usbdconfig.obj (.text:USBDeviceConfig)
                  000040e8    0000016c     rtsv7M4_T_le_v4SPD16_eabi.lib : fmod.obj (.text)
                  00004254    00000160     usblib-cm4f.lib : usbdenum.obj (.text:USBDEP0StateTxConfig)
                  000043b4    00000136     rtsv7M4_T_le_v4SPD16_eabi.lib : fd_div_t2.obj (.text)
                  000044ea    00000002     --HOLE-- [fill = 0]
                  000044ec    00000110                                   : xdscale.obj (.text)
                  000045fc    000000fc                                   : fd_mul_t2.obj (.text)
                  000046f8    000000f4     usblib-cm4f.lib : usbdenum.obj (.text:USBDCDInit)
                  000047ec    000000d4                     : usbdenum.obj (.text:USBDeviceEnumHandler)
                  000048c0    000000d0                     : usbdenum.obj (.text:USBDGetDescriptor)
                  00004990    000000c8     driverlib-cm4f.lib : gpio.obj (.text:GPIOPadConfigSet)
                  00004a58    000000c4     rtsv7M4_T_le_v4SPD16_eabi.lib : xdnorm.obj (.text)
                  00004b1c    000000c0     usblib-cm4f.lib : usbdcdc.obj (.text:HandleRequests)
                  00004bdc    000000bc                     : usbdconfig.obj (.text:USBDeviceConfigAlternate)
                  00004c98    000000b4                     : usbbuffer.obj (.text:HandleRxAvailable)
                  00004d4c    000000a4                     : usbdenum.obj (.text:USBDeviceIntHandlerInternal)
                  00004df0    000000a2                     : usbbuffer.obj (.text:ScheduleNextTransmission)
                  00004e92    0000009c     rtsv7M4_T_le_v4SPD16_eabi.lib : memcpy_t2.obj (.text)
                  00004f2e    00000002     --HOLE-- [fill = 0]
                  00004f30    00000098     driverlib-cm4f.lib : flash.obj (.text:FlashProgram)
                  00004fc8    00000094                        : sysctl.obj (.text:SysCtlPeripheralReset)
                  0000505c    00000094     usblib-cm4f.lib : usbdcdc.obj (.text:USBDCDCCompositeInit)
                  000050f0    00000094     rtsv7M4_T_le_v4SPD16_eabi.lib : auto_init.obj (.text)
                  00005184    0000008e     usblib-cm4f.lib : usbdcdc.obj (.text:USBDCDCPacketRead)
                  00005212    0000008c                     : usbdcdc.obj (.text:SendSerialState)
                  0000529e    00000088                     : usbdcdc.obj (.text:CDCTickHandler)
                  00005326    00000002     --HOLE-- [fill = 0]
                  00005328    00000084                     : usbdenum.obj (.text:USBDClearFeature)
                  000053ac    00000084                     : usbdenum.obj (.text:USBDSetConfiguration)
                  00005430    00000084                     : usbdenum.obj (.text:USBDSetInterface)
                  000054b4    0000007e     rtsv7M4_T_le_v4SPD16_eabi.lib : fd_cmp_t2.obj (.text:__aeabi_cdcmple)
                  00005532    0000007e                                   : fd_cmp_t2.obj (.text:__aeabi_cdrcmple)
                  000055b0    00000078     driverlib-cm4f.lib : gpio.obj (.text:GPIOPinTypeI2CSCL)
                  00005628    00000078     usblib-cm4f.lib : usbdenum.obj (.text:USBDGetStatus)
                  000056a0    00000078     rtsv7M4_T_le_v4SPD16_eabi.lib : memset_t2.obj (.text)
                  00005718    00000076     driverlib-cm4f.lib : usb.obj (.text:USBDevEndpointConfigSet)
                  0000578e    00000074     usblib-cm4f.lib : usbdcdc.obj (.text:HandleDevice)
                  00005802    0000006c                     : usbdcdc.obj (.text:ProcessDataFromHost)
                  0000586e    00000002     --HOLE-- [fill = 0]
                  00005870    0000006c                     : usbdenum.obj (.text:USBDSetFeature)
                  000058dc    00000068                     : usbdenum.obj (.text:USBDEP0StateTx)
                  00005944    00000064     driverlib-cm4f.lib : interrupt.obj (.text:IntEnable)
                  000059a8    00000060     usblib-cm4f.lib : usbbuffer.obj (.text:USBBufferEventCallback)
                  00005a08    00000060     rtsv7M4_T_le_v4SPD16_eabi.lib : sprintf.obj (.text)
                  00005a68    0000005e     driverlib-cm4f.lib : usb.obj (.text:USBDevEndpointStatusClear)
                  00005ac6    0000005e     rtsv7M4_T_le_v4SPD16_eabi.lib : copy_decompress_rle.obj (.text)
                  00005b24    0000005a                                   : ltoa.obj (.text)
                  00005b7e    00000002     --HOLE-- [fill = 0]
                  00005b80    00000058     driverlib-cm4f.lib : sysctl.obj (.text:SysCtlPeripheralEnable)
                  00005bd8    00000058     usblib-cm4f.lib : usbdenum.obj (.text:USBDReadAndDispatchRequest)
                  00005c30    00000058                     : usbdenum.obj (.text:USBDStringIndexFromRequest)
                  00005c88    00000056                     : usbdcdc.obj (.text:ProcessDataToHost)
                  00005cde    00000054                     : usbdconfig.obj (.text:GetEPDescriptorType)
                  00005d32    00000050                     : usbdcdesc.obj (.text:USBDCDConfigDescGet)
                  00005d82    00000050     driverlib-cm4f.lib : usb.obj (.text:USBDevEndpointStallClear)
                  00005dd2    0000004e     usblib-cm4f.lib : usbdcdesc.obj (.text:ConfigAlternateInterfaceGet)
                  00005e20    0000004e                     : usbdcdc.obj (.text:USBDCDCPacketWrite)
                  00005e6e    00000002     --HOLE-- [fill = 0]
                  00005e70    0000004c     rtsv7M4_T_le_v4SPD16_eabi.lib : atoi.obj (.text)
                  00005ebc    0000004a     usblib-cm4f.lib : usbdcdc.obj (.text:HandleEndpoints)
                  00005f06    0000004a     rtsv7M4_T_le_v4SPD16_eabi.lib : fd_tos_t2.obj (.text)
                  00005f50    00000048     usblib-cm4f.lib : usbdenum.obj (.text:USBDeviceResumeTickHandler)
                  00005f98    00000048     rtsv7M4_T_le_v4SPD16_eabi.lib : boot.obj (.text)
                  00005fe0    00000048                                   : fd_toi_t2.obj (.text)
                  00006028    00000046     driverlib-cm4f.lib : usb.obj (.text:USBFIFOConfigSet)
                  0000606e    00000002     --HOLE-- [fill = 0]
                  00006070    00000044     usblib-cm4f.lib : usbdenum.obj (.text:USBDGetInterface)
                  000060b4    00000044     driverlib-cm4f.lib : usb.obj (.text:USBEndpointDataGet)
                  000060f8    00000044     rtsv7M4_T_le_v4SPD16_eabi.lib : cpy_tbl.obj (.text)
                  0000613c    00000044                                   : exit.obj (.text)
                  00006180    00000044                                   : fd_tou_t2.obj (.text)
                  000061c4    00000044                                   : xdtest.obj (.text)
                  00006208    00000042                                   : u_divt2.obj (.text)
                  0000624a    00000040     usblib-cm4f.lib : usbdcdc.obj (.text:HandleEP0Data)
                  0000628a    00000002     --HOLE-- [fill = 0]
                  0000628c    00000040     rtsv7M4_T_le_v4SPD16_eabi.lib : signal.obj (.text)
                  000062cc    0000003e     usblib-cm4f.lib : usbdconfig.obj (.text:GetEndpointFIFOSize)
                  0000630a    0000003a                     : usbdcdesc.obj (.text:USBDCDConfigGetInterfaceEndpoint)
                  00006344    00000038                     : usbdcdc.obj (.text:SendBreak)
                  0000637c    00000038                     : usbdenum.obj (.text:USBDGetConfiguration)
                  000063b4    00000038     driverlib-cm4f.lib : usb.obj (.text:USBIntStatusControl)
                  000063ec    00000038     rtsv7M4_T_le_v4SPD16_eabi.lib : fs_tod_t2.obj (.text)
                  00006424    00000036     usblib-cm4f.lib : usbdcdesc.obj (.text:NextConfigDescGet)
                  0000645a    00000036     driverlib-cm4f.lib : usb.obj (.text:USBDevEndpointStall)
                  00006490    00000036     usblib-cm4f.lib : usbringbuf.obj (.text:USBRingBufAdvanceWrite)
                  000064c6    00000002     --HOLE-- [fill = 0]
                  000064c8    00000034     driverlib-cm4f.lib : flash.obj (.text:FlashErase)
                  000064fc    00000034     usblib-cm4f.lib : usbtick.obj (.text:InternalUSBStartOfFrameTick)
                  00006530    00000034     rtsv7M4_T_le_v4SPD16_eabi.lib : feraiseexcept.obj (.text)
                  00006564    00000032     usblib-cm4f.lib : usbdenum.obj (.text:USBDeviceEnumResetHandler)
                  00006596    00000002     --HOLE-- [fill = 0]
                  00006598    00000030                     : usbtick.obj (.text:InternalUSBTickInit)
                  000065c8    00000030                     : usbdcdc.obj (.text:ProcessNotificationToHost)
                  000065f8    00000030                     : usbdcdc.obj (.text:USBDCDCInit)
                  00006628    00000030     driverlib-cm4f.lib : usb.obj (.text:USBEndpointDataPut)
                  00006658    00000030     rtsv7M4_T_le_v4SPD16_eabi.lib : xferaise.obj (.text)
                  00006688    0000002e     driverlib-cm4f.lib : gpio.obj (.text:GPIODirModeSet)
                  000066b6    0000002e     usblib-cm4f.lib : usbdcdc.obj (.text:USBDCDCRxPacketAvailable)
                  000066e4    0000002e     driverlib-cm4f.lib : usb.obj (.text:USBEndpointDataSend)
                  00006712    0000002e     rtsv7M4_T_le_v4SPD16_eabi.lib : i_tofd_t2.obj (.text)
                  00006740    0000002e                                   : raise.obj (.text)
                  0000676e    00000002     --HOLE-- [fill = 0]
                  00006770    0000002c     usblib-cm4f.lib : usbtick.obj (.text:InternalUSBRegisterTickHandler)
                  0000679c    0000002c                     : usbbuffer.obj (.text:USBBufferWrite)
                  000067c8    0000002c                     : usbdcdesc.obj (.text:USBDCDConfigDescGetNum)
                  000067f4    0000002c                     : usbdesc.obj (.text:USBDescGet)
                  00006820    00000028                     : usbdcdc.obj (.text:HandleConfigChange)
                  00006848    00000028                     : usbdesc.obj (.text:USBDescGetNum)
                  00006870    00000028     driverlib-cm4f.lib : usb.obj (.text:USBIntEnableControl)
                  00006898    00000028     usblib-cm4f.lib : usbringbuf.obj (.text:UpdateIndexAtomic)
                  000068c0    00000024                     : usbbuffer.obj (.text:HandleRequestBuffer)
                  000068e4    00000024                     : usbdcdc.obj (.text:SendLineCodingChange)
                  00006908    00000024                     : usbbuffer.obj (.text:USBBufferRead)
                  0000692c    00000024                     : usbdenum.obj (.text:USBDSetAddress)
                  00006950    00000024     driverlib-cm4f.lib : usb.obj (.text:USBDevEndpointDataAck)
                  00006974    00000022     usblib-cm4f.lib : usbdcdc.obj (.text:SendLineStateChange)
                  00006996    00000020                     : usbdcdc.obj (.text:HandleDisconnect)
                  000069b6    00000002     --HOLE-- [fill = 0]
                  000069b8    00000020                     : usbmode.obj (.text:USBStackModeSet)
                  000069d8    00000020     rtsv7M4_T_le_v4SPD16_eabi.lib : u_tofd_t2.obj (.text)
                  000069f8    0000001e     usblib-cm4f.lib : usbdcdc.obj (.text:CheckAndSendBreak)
                  00006a16    0000001e                     : usbbuffer.obj (.text:HandleDataRemaining)
                  00006a34    0000001e     driverlib-cm4f.lib : usb.obj (.text:USBEndpointDataAvail)
                  00006a52    0000001e     usblib-cm4f.lib : usbringbuf.obj (.text:USBRingBufAdvanceRead)
                  00006a70    0000001c                     : usbdcdc.obj (.text:SetDeferredOpFlag)
                  00006a8c    0000001c                     : usbdcdesc.obj (.text:USBDCDConfigGetInterface)
                  00006aa8    0000001c                     : usbdenum.obj (.text:USBDCDStallEP0)
                  00006ac4    0000001c                     : usbringbuf.obj (.text:USBRingBufContigFree)
                  00006ae0    0000001c     rtsv7M4_T_le_v4SPD16_eabi.lib : memccpy.obj (.text)
                  00006afc    0000001a     usblib-cm4f.lib : usbdcdc.obj (.text:DeviceConsumedAllData)
                  00006b16    0000001a                     : usbringbuf.obj (.text:USBRingBufRead)
                  00006b30    0000001a                     : usbringbuf.obj (.text:USBRingBufReadOne)
                  00006b4a    0000001a                     : usbringbuf.obj (.text:USBRingBufWrite)
                  00006b64    0000001a     rtsv7M4_T_le_v4SPD16_eabi.lib : cos.obj (.text)
                  00006b7e    0000001a                                   : sin.obj (.text)
                  00006b98    00000018     usblib-cm4f.lib : usbdhandler.obj (.text:USB0DeviceIntHandler)
                  00006bb0    00000018                     : usbdcdesc.obj (.text:USBDCDConfigDescGetSize)
                  00006bc8    00000018                     : usbdenum.obj (.text:USBDSetDescriptor)
                  00006be0    00000018                     : usbdenum.obj (.text:USBDSyncFrame)
                  00006bf8    00000018     rtsv7M4_T_le_v4SPD16_eabi.lib : args_main.obj (.text)
                  00006c10    00000018                                   : ll_mul_t2.obj (.text)
                  00006c28    00000016     usblib-cm4f.lib : usbdcdc.obj (.text:CheckAndSendLineCodingChange)
                  00006c3e    00000016                     : usbdcdc.obj (.text:CheckAndSendLineStateChange)
                  00006c54    00000016                     : usbbuffer.obj (.text:USBBufferInit)
                  00006c6a    00000016     driverlib-cm4f.lib : usb.obj (.text:USBHostResume)
                  00006c80    00000016                        : usb.obj (.text:USBIndexWrite)
                  00006c96    00000016     usblib-cm4f.lib : usbringbuf.obj (.text:USBRingBufUsed)
                  00006cac    00000014                     : usbdenum.obj (.text:USBDCDRequestDataEP0)
                  00006cc0    00000014     driverlib-cm4f.lib : usb.obj (.text:USBIntEnableEndpoint)
                  00006cd4    00000014     usblib-cm4f.lib : usbringbuf.obj (.text:USBRingBufContigUsed)
                  00006ce8    00000014                     : usbringbuf.obj (.text:USBRingBufFlush)
                  00006cfc    00000014     rtsv7M4_T_le_v4SPD16_eabi.lib : _lock.obj (.text)
                  00006d10    00000014                                   : strlen.obj (.text)
                  00006d24    00000012     usblib-cm4f.lib : usbdcdc.obj (.text:HandleResume)
                  00006d36    00000012                     : usbdcdc.obj (.text:HandleSuspend)
                  00006d48    00000012                     : usbbuffer.obj (.text:HandleTxComplete)
                  00006d5a    00000012     driverlib-cm4f.lib : usb.obj (.text:USBEndpointStatus)
                  00006d6c    00000012     usblib-cm4f.lib : usbringbuf.obj (.text:USBRingBufFree)
                  00006d7e    00000012                     : usbringbuf.obj (.text:USBRingBufWriteOne)
                  00006d90    00000012     rtsv7M4_T_le_v4SPD16_eabi.lib : copy_zero_init.obj (.text:decompress:ZI)
                  00006da2    00000012                                   : xdclass.obj (.text)
                  00006db4    00000010     driverlib-cm4f.lib : sysctl.obj (.text:SysCtlUSBPLLEnable)
                  00006dc4    00000010     usblib-cm4f.lib : usbdcdc.obj (.text:USBDCDCTxPacketAvailable)
                  00006dd4    00000010                     : usbdenum.obj (.text:USBDCDSendDataEP0)
                  00006de4    00000010     rtsv7M4_T_le_v4SPD16_eabi.lib : strcpy.obj (.text)
                  00006df4    0000000e                                   : copy_decompress_none.obj (.text:decompress:none)
                  00006e02    0000000c     driverlib-cm4f.lib : cpu.obj (.text:CPUcpsid)
                  00006e0e    0000000c                        : cpu.obj (.text:CPUcpsie)
                  00006e1a    0000000c                        : timer.obj (.text:TimerValueGet)
                  00006e26    0000000c                        : usb.obj (.text:USBIntStatusEndpoint)
                  00006e32    0000000c     usblib-cm4f.lib : usbringbuf.obj (.text:USBRingBufInit)
                  00006e3e    0000000c     lm4f120h5qr_startup_ccs.obj (.text)
                  00006e4a    0000000a     driverlib-cm4f.lib : gpio.obj (.text:GPIOPinRead)
                  00006e54    0000000a                        : gpio.obj (.text:GPIOPinWrite)
                  00006e5e    0000000a                        : interrupt.obj (.text:IntMasterDisable)
                  00006e68    0000000a                        : interrupt.obj (.text:IntMasterEnable)
                  00006e72    0000000a                        : usb.obj (.text:USBDevConnect)
                  00006e7c    0000000a                        : usb.obj (.text:USBDevDisconnect)
                  00006e86    00000008                        : usb.obj (.text:USBDevMode)
                  00006e8e    00000008                        : usb.obj (.text:USBOTGMode)
                  00006e96    00000006                        : sysctl.obj (.text:SysCtlDelay)
                  00006e9c    00000006     usblib-cm4f.lib : usbbuffer.obj (.text:USBBufferFlush)
                  00006ea2    00000006                     : usbbuffer.obj (.text:USBBufferSpaceAvailable)
                  00006ea8    00000006     rtsv7M4_T_le_v4SPD16_eabi.lib : copy_decompress_rle.obj (.text:decompress:rle24)
                  00006eae    00000004     driverlib-cm4f.lib : i2c.obj (.text:I2CMasterDataGet)
                  00006eb2    00000004                        : usb.obj (.text:USBDevAddrSet)

.cinit     0    00006eb8    000000f8     
                  00006eb8    000000d2     (.cinit..data.load) [load image, compression = rle]
                  00006f8a    00000002     --HOLE-- [fill = 0]
                  00006f8c    0000000c     (__TI_handler_table)
                  00006f98    00000008     (.cinit..bss.load) [load image, compression = zero_init]
                  00006fa0    00000010     (__TI_cinit_table)

.const     0    00007000    00000d86     
                  00007000    00000800     waveform.obj (.const:.string:flashBlock)
                  00007800    00000102     rtsv7M4_T_le_v4SPD16_eabi.lib : ctype.obj (.const:.string:_ctypes_)
                  00007902    00000006     --HOLE-- [fill = 0]
                  00007908    00000080                                   : xsin.obj (.const)
                  00007988    00000078     usblib-cm4f.lib : usbdenum.obj (.const:g_sUSBDefaultFIFOConfig)
                  00007a00    00000070     driverlib-cm4f.lib : interrupt.obj (.const)
                  00007a70    0000006c                        : sysctl.obj (.const:g_pulXtals)
                  00007adc    00000050     usblib-cm4f.lib : usbdcdc.obj (.const)
                  00007b2c    00000040     PCA9685.obj (.const:PCA9685_DELAY)
                  00007b6c    00000040     driverlib-cm4f.lib : sysctl.obj (.const)
                  00007bac    00000036     usb_structs.obj (.const:.string:g_pConfigString)
                  00007be2    00000002     --HOLE-- [fill = 0]
                  00007be4    00000034     usblib-cm4f.lib : usbdenum.obj (.const:g_psUSBDStdRequests)
                  00007c18    0000002c     usb_structs.obj (.const:.string:g_pControlInterfaceString)
                  00007c44    0000002c     usb_structs.obj (.const:g_sCDCDevice)
                  00007c70    00000026     usb_structs.obj (.const:.string:g_pManufacturerString)
                  00007c96    00000024     usb_structs.obj (.const:.string:g_pProductString)
                  00007cba    00000002     --HOLE-- [fill = 0]
                  00007cbc    00000024     usb_structs.obj (.const:g_sRxBuffer)
                  00007ce0    00000024     usb_structs.obj (.const:g_sTxBuffer)
                  00007d04    00000023     usblib-cm4f.lib : usbdcdc.obj (.const:g_pCDCSerCommInterface)
                  00007d27    00000001     --HOLE-- [fill = 0]
                  00007d28    0000001c     uartstdio.obj (.const)
                  00007d44    00000018     usb_structs.obj (.const)
                  00007d5c    00000016     usb_structs.obj (.const:.string)
                  00007d72    00000002     --HOLE-- [fill = 0]
                  00007d74    00000012     uartstdio.obj (.const:.string)

.bss       0    20000000    000008e0     UNINITIALIZED
                  20000000    00000200     usb_structs.obj (.bss:g_pcUSBRxBuffer)
                  20000200    00000200     usb_structs.obj (.bss:g_pcUSBTxBuffer)
                  20000400    00000180     waveform.obj (.bss:waveforms)
                  20000580    00000100     waveform.obj (.bss:motors)
                  20000680    000000c8     usb_handlers.obj (.bss:g_strAssembler)
                  20000748    00000054     usblib-cm4f.lib : usbdenum.obj (.bss:g_psUSBDevice)
                  2000079c    00000040     waveform.obj (.bss:dutyCycles)
                  200007dc    00000040     usblib-cm4f.lib : usbdenum.obj (.bss:g_pucDataBufferIn)
                  2000081c    00000030                     : usbtick.obj (.bss)
                  2000084c    0000002c     usb_structs.obj (.bss:g_sCDCInstance)
                  20000878    00000028     usb_handlers.obj (.bss:g_ulParams)
                  200008a0    00000018     (.common:g_pucRxBufferWorkspace)
                  200008b8    00000018     (.common:g_pucTxBufferWorkspace)
                  200008d0    0000000c     usblib-cm4f.lib : usbmode.obj (.bss)
                  200008dc    00000004     (.common:g_strFuncName)

.stack     0    200008e0    00000800     UNINITIALIZED
                  200008e0    00000800     --HOLE--

.sysmem    0    200010e0    00000800     UNINITIALIZED
                  200010e0    00000008     rtsv7M4_T_le_v4SPD16_eabi.lib : memory.obj (.sysmem)
                  200010e8    000007f8     --HOLE--

.data      0    200018e0    00000248     UNINITIALIZED
                  200018e0    000000b0     rtsv7M4_T_le_v4SPD16_eabi.lib : signal.obj (.data:sigtable)
                  20001990    00000080                                   : xvalues.obj (.data)
                  20001a10    0000004c     usblib-cm4f.lib : usbdcdc.obj (.data:g_sCDCSerDeviceInfo)
                  20001a5c    00000040                     : usbdcdc.obj (.data)
                  20001a9c    00000018     waveform.obj (.data)
                  20001ab4    00000011     main.obj (.data)
                  20001ac5    00000003     --HOLE--
                  20001ac8    00000010     usb_handlers.obj (.data)
                  20001ad8    0000000c     rtsv7M4_T_le_v4SPD16_eabi.lib : memory.obj (.data)
                  20001ae4    0000000c     usblib-cm4f.lib : usbtick.obj (.data)
                  20001af0    00000009                     : usbmode.obj (.data)
                  20001af9    00000003     --HOLE--
                  20001afc    00000008     rtsv7M4_T_le_v4SPD16_eabi.lib : _lock.obj (.data)
                  20001b04    00000008                                   : exit.obj (.data)
                  20001b0c    00000008                                   : feraiseexcept.obj (.data)
                  20001b14    00000005     uartstdio.obj (.data)
                  20001b19    00000003     --HOLE--
                  20001b1c    00000004     rtsv7M4_T_le_v4SPD16_eabi.lib : errno.obj (.data)
                  20001b20    00000004                                   : stkdepth_vars.obj (.data)
                  20001b24    00000004     usblib-cm4f.lib : usbdenum.obj (.data)


LINKER GENERATED COPY TABLES

__TI_cinit_table @ 00006fa0 records: 2, size/record: 8, table size: 16
	.data: load addr=00006eb8, load size=000000d2 bytes, run addr=200018e0, run size=00000248 bytes, compression=rle
	.bss: load addr=00006f98, load size=00000008 bytes, run addr=20000000, run size=000008e0 bytes, compression=zero_init


LINKER GENERATED HANDLER TABLE

__TI_handler_table @ 00006f8c records: 3, size/record: 4, table size: 12
	index: 0, handler: __TI_decompress_rle24
	index: 1, handler: __TI_decompress_none
	index: 2, handler: __TI_zero_init


GLOBAL SYMBOLS: SORTED ALPHABETICALLY BY Name 

address    name
--------   ----
0000613d   C$$EXIT
00006e03   CPUcpsid
00006e0f   CPUcpsie
000064c9   FlashErase
00004f31   FlashProgram
00006689   GPIODirModeSet
00004991   GPIOPadConfigSet
000014a9   GPIOPinNumber
00006e4b   GPIOPinRead
000055b1   GPIOPinTypeI2CSCL
00006e55   GPIOPinWrite
00001435   GPIOPortNumber
00002547   GetLineCoding
00001dc1   I2CBusScan
000017bd   I2CIntHandler
00006eaf   I2CMasterDataGet
00001bbd   I2CReadData
000019b7   I2CRegRead
00001a7d   I2CRegWrite
00001809   I2CSetup
00001cc5   I2CWriteData
00005945   IntEnable
00006e5f   IntMasterDisable
00006e69   IntMasterEnable
00006771   InternalUSBRegisterTickHandler
000064fd   InternalUSBStartOfFrameTick
00006599   InternalUSBTickInit
00007b2c   PCA9685_DELAY
00003e53   PCA9685_init
00003e1d   PCA9685_readDATA
00003e05   PCA9685_readREG
00003e45   PCA9685_reset
00003ea1   PCA9685_setDutyCycle
00003ddd   PCA9685_writeDATA
00003dbd   PCA9685_writeREG
00005803   ProcessDataFromHost
00005c89   ProcessDataToHost
000065c9   ProcessNotificationToHost
00006e3f   ResetISR
UNDEFED    SHT$$INIT_ARRAY$$Base
UNDEFED    SHT$$INIT_ARRAY$$Limit
0000226d   SineTimerIntHandler
00003a2d   SysCtlClockGet
00006e97   SysCtlDelay
00005b81   SysCtlPeripheralEnable
00004fc9   SysCtlPeripheralReset
00006db5   SysCtlUSBPLLEnable
000017b3   SysTickIntHandler
00006e1b   TimerValueGet
00002a55   UARTStdioConfig
00002ab5   UARTStdioInit
00002acf   UARTStdioInitExpClk
00002bff   UARTgetc
00002b3b   UARTgets
00002c35   UARTprintf
00002ae9   UARTwrite
00006b99   USB0DeviceIntHandler
000059a9   USBBufferEventCallback
00006e9d   USBBufferFlush
00006c55   USBBufferInit
00006909   USBBufferRead
00006ea3   USBBufferSpaceAvailable
0000679d   USBBufferWrite
0000505d   USBDCDCCompositeInit
000065f9   USBDCDCInit
00005185   USBDCDCPacketRead
00005e21   USBDCDCPacketWrite
000066b7   USBDCDCRxPacketAvailable
00006dc5   USBDCDCTxPacketAvailable
00005d33   USBDCDConfigDescGet
000067c9   USBDCDConfigDescGetNum
00006bb1   USBDCDConfigDescGetSize
00006a8d   USBDCDConfigGetInterface
0000630b   USBDCDConfigGetInterfaceEndpoint
000046f9   USBDCDInit
00006cad   USBDCDRequestDataEP0
00006dd5   USBDCDSendDataEP0
00006aa9   USBDCDStallEP0
000067f5   USBDescGet
00006849   USBDescGetNum
00006eb3   USBDevAddrSet
00006e73   USBDevConnect
00006e7d   USBDevDisconnect
00005719   USBDevEndpointConfigSet
00006951   USBDevEndpointDataAck
0000645b   USBDevEndpointStall
00005d83   USBDevEndpointStallClear
00005a69   USBDevEndpointStatusClear
00006e87   USBDevMode
00003f61   USBDeviceConfig
00004bdd   USBDeviceConfigAlternate
000047ed   USBDeviceEnumHandler
00006565   USBDeviceEnumResetHandler
00004d4d   USBDeviceIntHandlerInternal
00005f51   USBDeviceResumeTickHandler
00006a35   USBEndpointDataAvail
000060b5   USBEndpointDataGet
00006629   USBEndpointDataPut
000066e5   USBEndpointDataSend
00006d5b   USBEndpointStatus
00006029   USBFIFOConfigSet
00006c6b   USBHostResume
00006871   USBIntEnableControl
00006cc1   USBIntEnableEndpoint
000063b5   USBIntStatusControl
00006e27   USBIntStatusEndpoint
00006e8f   USBOTGMode
00006a53   USBRingBufAdvanceRead
00006491   USBRingBufAdvanceWrite
00006ac5   USBRingBufContigFree
00006cd5   USBRingBufContigUsed
00006ce9   USBRingBufFlush
00006d6d   USBRingBufFree
00006e33   USBRingBufInit
00006b17   USBRingBufRead
00006b31   USBRingBufReadOne
00006c97   USBRingBufUsed
00006b4b   USBRingBufWrite
00006d7f   USBRingBufWriteOne
00001395   USBSendPacket
00002929   USBSetReceiveMode
000069b9   USBStackModeSet
0000256b   USB_ControlHandler
000026b1   USB_RxHandler
000025e5   USB_TxHandler
000024e1   USB_resetPacketAssembler
00006da3   _Dclass
20001990   _Denorm
00004a59   _Dnorm
000044ed   _Dscale
000061c5   _Dtest
200019a0   _Eps
20001b1c   _Errno
20001b0c   _Fenv
00006659   _Feraise
200019b0   _Hugeval
200019c0   _Inf
200019d0   _Nan
200019f0   _Rteps
00003311   _Sin
200019e0   _Snan
20001b10   _Tls_setup__Fenv
20001a00   _Xbig
20001a08   _Zero
200010e0   __STACK_END
00000800   __STACK_SIZE
20000ae0   __STACK_TOP
00000800   __SYSMEM_SIZE
00006fa0   __TI_CINIT_Base
00006fb0   __TI_CINIT_Limit
00006f8c   __TI_Handler_Table_Base
00006f98   __TI_Handler_Table_Limit
00000001   __TI_args_main
000050f1   __TI_auto_init
20001b04   __TI_cleanup_ptr
00006df5   __TI_decompress_none
00006ea9   __TI_decompress_rle24
20001b08   __TI_dtors_ptr
00000def   __TI_printfi
00000000   __TI_static_base__
00006d91   __TI_zero_init
000054b5   __aeabi_cdcmpeq
000054b5   __aeabi_cdcmple
00005533   __aeabi_cdrcmple
00005f07   __aeabi_d2f
00005fe1   __aeabi_d2iz
00006181   __aeabi_d2uiz
00003c0f   __aeabi_dadd
000043b5   __aeabi_ddiv
000045fd   __aeabi_dmul
00003c05   __aeabi_dsub
000063ed   __aeabi_f2d
00006713   __aeabi_i2d
00006c11   __aeabi_lmul
000056a1   __aeabi_memclr
000056a1   __aeabi_memclr4
000056a1   __aeabi_memclr8
00004e93   __aeabi_memcpy
00004e93   __aeabi_memcpy4
00004e93   __aeabi_memcpy8
000056a3   __aeabi_memset
000056a3   __aeabi_memset4
000056a3   __aeabi_memset8
000069d9   __aeabi_ui2d
00006209   __aeabi_uidivmod
00003839   __aeabi_uldivmod
ffffffff   __binit__
ffffffff   __c_args__
200008e0   __stack
00006bf9   _args_main
00005f99   _c_int00
00007800   _ctypes_
20001afc   _lock
00006d0b   _nop
00006d03   _register_lock
00006cfd   _register_unlock
200010e0   _sys_memory
20001b00   _unlock
00006141   abort
00005e71   atoi
ffffffff   binit
00002115   calcEnvelope
000032d9   calloc
000060f9   copy_in
00006b65   cos
2000079c   dutyCycles
00006149   exit
00006531   feraiseexcept
00007000   flashBlock
00001283   flashLED
000040e9   fmod
00003033   free
20001ac4   g_bUSBConfigured
20001ae4   g_bUSBTimerInitialized
200008d4   g_eOTGModeState
20001af0   g_eUSBMode
00007b28   g_pCDCCompSerConfigDescriptors
00007d04   g_pCDCSerCommInterface
00007b24   g_pCDCSerConfigDescriptors
00007af4   g_pCDCSerDataInterface
20001a6e   g_pCDCSerDescriptor
20001a5c   g_pCDCSerDeviceDescriptor
00007bac   g_pConfigString
00007c18   g_pControlInterfaceString
20001a77   g_pIADSerDescriptor
00007d5c   g_pLangDescriptor
00007c70   g_pManufacturerString
00007c96   g_pProductString
00007d60   g_pSerialNumberString
00007d44   g_pStringDescriptors
20000000   g_pcUSBRxBuffer
20000200   g_pcUSBTxBuffer
2000081c   g_pfTickHandlers
00000000   g_pfnVectors
20001a8c   g_psCDCCompSerSections
20001a80   g_psCDCSerSections
20000748   g_psUSBDevice
200008a0   g_pucRxBufferWorkspace
200008b8   g_pucTxBufferWorkspace
20000834   g_pvTickInstance
00007b1c   g_sCDCCompSerConfigHeader
00007c44   g_sCDCDevice
2000084c   g_sCDCInstance
00007aec   g_sCDCSerCommInterfaceSection
00007b14   g_sCDCSerConfigHeader
00007adc   g_sCDCSerConfigSection
00007b0c   g_sCDCSerDataInterfaceSection
20001a10   g_sCDCSerDeviceInfo
00007ae4   g_sIADSerConfigSection
00007cbc   g_sRxBuffer
00007ce0   g_sTxBuffer
00007988   g_sUSBDefaultFIFOConfig
20001aa8   g_sineIntCount
20001aa4   g_sineTimerMS
20001aa0   g_sineTimerVal
20000680   g_strAssembler
200008dc   g_strFuncName
20001aac   g_sysClk
20001ab0   g_timerLoadVal
20001ac8   g_ucReadMode
20001acc   g_ulCharIndex
20001ae8   g_ulCurrentUSBTick
20001ad0   g_ulParamIndex
20000878   g_ulParams
200008d0   g_ulPollRate
20001ad4   g_ulReceiveMode
20001a9c   g_ulSampleFreq
20001ab8   g_ulSysTickCount
20001ac0   g_ulUSBRxCount
20001aec   g_ulUSBSOFCount
20001abc   g_ulUSBTxCount
20001af4   g_ulWaitTicks
20001ab4   g_unsavedWaveform
00002245   getCurrentMS
000020cd   getWaveform
00001239   init
0000122b   initI2C
0000114f   initLED
0000117f   initSW
00001ec9   initSineTimer
000011fd   initSysTick
000011bb   initUART
000010f9   initUSB
00001f91   initWaveform
00005b25   ltoa
000012c5   main
20001b20   main_func_sp
00002fd1   malloc
000031f9   memalign
00006ae1   memccpy
00004e93   memcpy
000056a9   memset
00002f45   minit
20000580   motors
000015bd   parseUSB
00006741   raise
000030f3   realloc
00001fbd   runMotor
0000202d   setWaveform
0000628d   signal
00006b7f   sin
00002011   slotFull
00005a09   sprintf
00001ff7   stopMotor
00003697   str2dbl
000035b9   str2ul
00006de5   strcpy
00006d11   strlen
00001f7f   waveformFlashLoad
00001f61   waveformFlashSave
20000400   waveforms


GLOBAL SYMBOLS: SORTED BY Symbol Address 

address    name
--------   ----
00000000   __TI_static_base__
00000000   g_pfnVectors
00000001   __TI_args_main
00000800   __STACK_SIZE
00000800   __SYSMEM_SIZE
00000def   __TI_printfi
000010f9   initUSB
0000114f   initLED
0000117f   initSW
000011bb   initUART
000011fd   initSysTick
0000122b   initI2C
00001239   init
00001283   flashLED
000012c5   main
00001395   USBSendPacket
00001435   GPIOPortNumber
000014a9   GPIOPinNumber
000015bd   parseUSB
000017b3   SysTickIntHandler
000017bd   I2CIntHandler
00001809   I2CSetup
000019b7   I2CRegRead
00001a7d   I2CRegWrite
00001bbd   I2CReadData
00001cc5   I2CWriteData
00001dc1   I2CBusScan
00001ec9   initSineTimer
00001f61   waveformFlashSave
00001f7f   waveformFlashLoad
00001f91   initWaveform
00001fbd   runMotor
00001ff7   stopMotor
00002011   slotFull
0000202d   setWaveform
000020cd   getWaveform
00002115   calcEnvelope
00002245   getCurrentMS
0000226d   SineTimerIntHandler
000024e1   USB_resetPacketAssembler
00002547   GetLineCoding
0000256b   USB_ControlHandler
000025e5   USB_TxHandler
000026b1   USB_RxHandler
00002929   USBSetReceiveMode
00002a55   UARTStdioConfig
00002ab5   UARTStdioInit
00002acf   UARTStdioInitExpClk
00002ae9   UARTwrite
00002b3b   UARTgets
00002bff   UARTgetc
00002c35   UARTprintf
00002f45   minit
00002fd1   malloc
00003033   free
000030f3   realloc
000031f9   memalign
000032d9   calloc
00003311   _Sin
000035b9   str2ul
00003697   str2dbl
00003839   __aeabi_uldivmod
00003a2d   SysCtlClockGet
00003c05   __aeabi_dsub
00003c0f   __aeabi_dadd
00003dbd   PCA9685_writeREG
00003ddd   PCA9685_writeDATA
00003e05   PCA9685_readREG
00003e1d   PCA9685_readDATA
00003e45   PCA9685_reset
00003e53   PCA9685_init
00003ea1   PCA9685_setDutyCycle
00003f61   USBDeviceConfig
000040e9   fmod
000043b5   __aeabi_ddiv
000044ed   _Dscale
000045fd   __aeabi_dmul
000046f9   USBDCDInit
000047ed   USBDeviceEnumHandler
00004991   GPIOPadConfigSet
00004a59   _Dnorm
00004bdd   USBDeviceConfigAlternate
00004d4d   USBDeviceIntHandlerInternal
00004e93   __aeabi_memcpy
00004e93   __aeabi_memcpy4
00004e93   __aeabi_memcpy8
00004e93   memcpy
00004f31   FlashProgram
00004fc9   SysCtlPeripheralReset
0000505d   USBDCDCCompositeInit
000050f1   __TI_auto_init
00005185   USBDCDCPacketRead
000054b5   __aeabi_cdcmpeq
000054b5   __aeabi_cdcmple
00005533   __aeabi_cdrcmple
000055b1   GPIOPinTypeI2CSCL
000056a1   __aeabi_memclr
000056a1   __aeabi_memclr4
000056a1   __aeabi_memclr8
000056a3   __aeabi_memset
000056a3   __aeabi_memset4
000056a3   __aeabi_memset8
000056a9   memset
00005719   USBDevEndpointConfigSet
00005803   ProcessDataFromHost
00005945   IntEnable
000059a9   USBBufferEventCallback
00005a09   sprintf
00005a69   USBDevEndpointStatusClear
00005b25   ltoa
00005b81   SysCtlPeripheralEnable
00005c89   ProcessDataToHost
00005d33   USBDCDConfigDescGet
00005d83   USBDevEndpointStallClear
00005e21   USBDCDCPacketWrite
00005e71   atoi
00005f07   __aeabi_d2f
00005f51   USBDeviceResumeTickHandler
00005f99   _c_int00
00005fe1   __aeabi_d2iz
00006029   USBFIFOConfigSet
000060b5   USBEndpointDataGet
000060f9   copy_in
0000613d   C$$EXIT
00006141   abort
00006149   exit
00006181   __aeabi_d2uiz
000061c5   _Dtest
00006209   __aeabi_uidivmod
0000628d   signal
0000630b   USBDCDConfigGetInterfaceEndpoint
000063b5   USBIntStatusControl
000063ed   __aeabi_f2d
0000645b   USBDevEndpointStall
00006491   USBRingBufAdvanceWrite
000064c9   FlashErase
000064fd   InternalUSBStartOfFrameTick
00006531   feraiseexcept
00006565   USBDeviceEnumResetHandler
00006599   InternalUSBTickInit
000065c9   ProcessNotificationToHost
000065f9   USBDCDCInit
00006629   USBEndpointDataPut
00006659   _Feraise
00006689   GPIODirModeSet
000066b7   USBDCDCRxPacketAvailable
000066e5   USBEndpointDataSend
00006713   __aeabi_i2d
00006741   raise
00006771   InternalUSBRegisterTickHandler
0000679d   USBBufferWrite
000067c9   USBDCDConfigDescGetNum
000067f5   USBDescGet
00006849   USBDescGetNum
00006871   USBIntEnableControl
00006909   USBBufferRead
00006951   USBDevEndpointDataAck
000069b9   USBStackModeSet
000069d9   __aeabi_ui2d
00006a35   USBEndpointDataAvail
00006a53   USBRingBufAdvanceRead
00006a8d   USBDCDConfigGetInterface
00006aa9   USBDCDStallEP0
00006ac5   USBRingBufContigFree
00006ae1   memccpy
00006b17   USBRingBufRead
00006b31   USBRingBufReadOne
00006b4b   USBRingBufWrite
00006b65   cos
00006b7f   sin
00006b99   USB0DeviceIntHandler
00006bb1   USBDCDConfigDescGetSize
00006bf9   _args_main
00006c11   __aeabi_lmul
00006c55   USBBufferInit
00006c6b   USBHostResume
00006c97   USBRingBufUsed
00006cad   USBDCDRequestDataEP0
00006cc1   USBIntEnableEndpoint
00006cd5   USBRingBufContigUsed
00006ce9   USBRingBufFlush
00006cfd   _register_unlock
00006d03   _register_lock
00006d0b   _nop
00006d11   strlen
00006d5b   USBEndpointStatus
00006d6d   USBRingBufFree
00006d7f   USBRingBufWriteOne
00006d91   __TI_zero_init
00006da3   _Dclass
00006db5   SysCtlUSBPLLEnable
00006dc5   USBDCDCTxPacketAvailable
00006dd5   USBDCDSendDataEP0
00006de5   strcpy
00006df5   __TI_decompress_none
00006e03   CPUcpsid
00006e0f   CPUcpsie
00006e1b   TimerValueGet
00006e27   USBIntStatusEndpoint
00006e33   USBRingBufInit
00006e3f   ResetISR
00006e4b   GPIOPinRead
00006e55   GPIOPinWrite
00006e5f   IntMasterDisable
00006e69   IntMasterEnable
00006e73   USBDevConnect
00006e7d   USBDevDisconnect
00006e87   USBDevMode
00006e8f   USBOTGMode
00006e97   SysCtlDelay
00006e9d   USBBufferFlush
00006ea3   USBBufferSpaceAvailable
00006ea9   __TI_decompress_rle24
00006eaf   I2CMasterDataGet
00006eb3   USBDevAddrSet
00006f8c   __TI_Handler_Table_Base
00006f98   __TI_Handler_Table_Limit
00006fa0   __TI_CINIT_Base
00006fb0   __TI_CINIT_Limit
00007000   flashBlock
00007800   _ctypes_
00007988   g_sUSBDefaultFIFOConfig
00007adc   g_sCDCSerConfigSection
00007ae4   g_sIADSerConfigSection
00007aec   g_sCDCSerCommInterfaceSection
00007af4   g_pCDCSerDataInterface
00007b0c   g_sCDCSerDataInterfaceSection
00007b14   g_sCDCSerConfigHeader
00007b1c   g_sCDCCompSerConfigHeader
00007b24   g_pCDCSerConfigDescriptors
00007b28   g_pCDCCompSerConfigDescriptors
00007b2c   PCA9685_DELAY
00007bac   g_pConfigString
00007c18   g_pControlInterfaceString
00007c44   g_sCDCDevice
00007c70   g_pManufacturerString
00007c96   g_pProductString
00007cbc   g_sRxBuffer
00007ce0   g_sTxBuffer
00007d04   g_pCDCSerCommInterface
00007d44   g_pStringDescriptors
00007d5c   g_pLangDescriptor
00007d60   g_pSerialNumberString
20000000   g_pcUSBRxBuffer
20000200   g_pcUSBTxBuffer
20000400   waveforms
20000580   motors
20000680   g_strAssembler
20000748   g_psUSBDevice
2000079c   dutyCycles
2000081c   g_pfTickHandlers
20000834   g_pvTickInstance
2000084c   g_sCDCInstance
20000878   g_ulParams
200008a0   g_pucRxBufferWorkspace
200008b8   g_pucTxBufferWorkspace
200008d0   g_ulPollRate
200008d4   g_eOTGModeState
200008dc   g_strFuncName
200008e0   __stack
20000ae0   __STACK_TOP
200010e0   __STACK_END
200010e0   _sys_memory
20001990   _Denorm
200019a0   _Eps
200019b0   _Hugeval
200019c0   _Inf
200019d0   _Nan
200019e0   _Snan
200019f0   _Rteps
20001a00   _Xbig
20001a08   _Zero
20001a10   g_sCDCSerDeviceInfo
20001a5c   g_pCDCSerDeviceDescriptor
20001a6e   g_pCDCSerDescriptor
20001a77   g_pIADSerDescriptor
20001a80   g_psCDCSerSections
20001a8c   g_psCDCCompSerSections
20001a9c   g_ulSampleFreq
20001aa0   g_sineTimerVal
20001aa4   g_sineTimerMS
20001aa8   g_sineIntCount
20001aac   g_sysClk
20001ab0   g_timerLoadVal
20001ab4   g_unsavedWaveform
20001ab8   g_ulSysTickCount
20001abc   g_ulUSBTxCount
20001ac0   g_ulUSBRxCount
20001ac4   g_bUSBConfigured
20001ac8   g_ucReadMode
20001acc   g_ulCharIndex
20001ad0   g_ulParamIndex
20001ad4   g_ulReceiveMode
20001ae4   g_bUSBTimerInitialized
20001ae8   g_ulCurrentUSBTick
20001aec   g_ulUSBSOFCount
20001af0   g_eUSBMode
20001af4   g_ulWaitTicks
20001afc   _lock
20001b00   _unlock
20001b04   __TI_cleanup_ptr
20001b08   __TI_dtors_ptr
20001b0c   _Fenv
20001b10   _Tls_setup__Fenv
20001b1c   _Errno
20001b20   main_func_sp
ffffffff   __binit__
ffffffff   __c_args__
ffffffff   binit
UNDEFED    SHT$$INIT_ARRAY$$Base
UNDEFED    SHT$$INIT_ARRAY$$Limit

[311 symbols]
